[0.037s] Invoking command in '/home/vboxuser/Desktop/task11 indv/task11-indv/robot_design/src/build/robot': CMAKE_PREFIX_PATH=${CMAKE_PREFIX_PATH}:/home/vboxuser/training_ws/install/maze_control:/home/vboxuser/ros2_ws/install/task7_controller:/opt/ros/jazzy DEBUGINFOD_URLS=https://debuginfod.ubuntu.com /usr/bin/cmake --build /home/vboxuser/Desktop/task11 indv/task11-indv/robot_design/src/build/robot -- -j3 -l3
[0.086s] [0mCMake Error: The current CMakeCache.txt directory /home/vboxuser/Desktop/task11 indv/task11-indv/robot_design/src/build/robot/CMakeCache.txt is different than the directory /home/vboxuser/robot_design/src/build/robot where CMakeCache.txt was created. This may result in binaries being created in the wrong place. If you are not sure, reedit the CMakeCache.txt[0m
[0.156s] -- Found ament_cmake: 2.5.6 (/opt/ros/jazzy/share/ament_cmake/cmake)
[0.535s] -- Found ament_lint_auto: 0.17.5 (/opt/ros/jazzy/share/ament_lint_auto/cmake)
[0.709s] -- Added test 'flake8' to check Python code syntax and style conventions
[0.709s] -- Configured 'flake8' exclude dirs and/or files: 
[0.711s] -- Added test 'lint_cmake' to check CMake code style
[0.712s] -- Added test 'pep257' to check Python code against some of the docstring style conventions in PEP 257
[0.715s] -- Added test 'xmllint' to check XML markup files
[0.719s] -- Configuring done (0.6s)
[0.735s] -- Generating done (0.0s)
[0.738s] -- Build files have been written to: /home/vboxuser/robot_design/src/build/robot
[0.769s] Invoked command in '/home/vboxuser/Desktop/task11 indv/task11-indv/robot_design/src/build/robot' returned '0': CMAKE_PREFIX_PATH=${CMAKE_PREFIX_PATH}:/home/vboxuser/training_ws/install/maze_control:/home/vboxuser/ros2_ws/install/task7_controller:/opt/ros/jazzy DEBUGINFOD_URLS=https://debuginfod.ubuntu.com /usr/bin/cmake --build /home/vboxuser/Desktop/task11 indv/task11-indv/robot_design/src/build/robot -- -j3 -l3
[0.783s] Invoking command in '/home/vboxuser/Desktop/task11 indv/task11-indv/robot_design/src/build/robot': CMAKE_PREFIX_PATH=${CMAKE_PREFIX_PATH}:/home/vboxuser/training_ws/install/maze_control:/home/vboxuser/ros2_ws/install/task7_controller:/opt/ros/jazzy DEBUGINFOD_URLS=https://debuginfod.ubuntu.com /usr/bin/cmake --install /home/vboxuser/Desktop/task11 indv/task11-indv/robot_design/src/build/robot
[0.794s] -- Install configuration: ""
[0.796s] -- Up-to-date: /home/vboxuser/robot_design/src/install/robot/share/ament_index/resource_index/package_run_dependencies/robot
[0.796s] -- Up-to-date: /home/vboxuser/robot_design/src/install/robot/share/ament_index/resource_index/parent_prefix_path/robot
[0.797s] -- Up-to-date: /home/vboxuser/robot_design/src/install/robot/share/robot/environment/ament_prefix_path.sh
[0.798s] -- Up-to-date: /home/vboxuser/robot_design/src/install/robot/share/robot/environment/ament_prefix_path.dsv
[0.798s] -- Up-to-date: /home/vboxuser/robot_design/src/install/robot/share/robot/environment/path.sh
[0.798s] -- Up-to-date: /home/vboxuser/robot_design/src/install/robot/share/robot/environment/path.dsv
[0.798s] -- Up-to-date: /home/vboxuser/robot_design/src/install/robot/share/robot/local_setup.bash
[0.798s] -- Up-to-date: /home/vboxuser/robot_design/src/install/robot/share/robot/local_setup.sh
[0.798s] -- Up-to-date: /home/vboxuser/robot_design/src/install/robot/share/robot/local_setup.zsh
[0.798s] -- Up-to-date: /home/vboxuser/robot_design/src/install/robot/share/robot/local_setup.dsv
[0.798s] -- Up-to-date: /home/vboxuser/robot_design/src/install/robot/share/robot/package.dsv
[0.799s] -- Up-to-date: /home/vboxuser/robot_design/src/install/robot/share/ament_index/resource_index/packages/robot
[0.799s] -- Up-to-date: /home/vboxuser/robot_design/src/install/robot/share/robot/cmake/robotConfig.cmake
[0.799s] -- Up-to-date: /home/vboxuser/robot_design/src/install/robot/share/robot/cmake/robotConfig-version.cmake
[0.799s] -- Up-to-date: /home/vboxuser/robot_design/src/install/robot/share/robot/package.xml
[0.802s] Invoked command in '/home/vboxuser/Desktop/task11 indv/task11-indv/robot_design/src/build/robot' returned '0': CMAKE_PREFIX_PATH=${CMAKE_PREFIX_PATH}:/home/vboxuser/training_ws/install/maze_control:/home/vboxuser/ros2_ws/install/task7_controller:/opt/ros/jazzy DEBUGINFOD_URLS=https://debuginfod.ubuntu.com /usr/bin/cmake --install /home/vboxuser/Desktop/task11 indv/task11-indv/robot_design/src/build/robot
