[0.352s] DEBUG:colcon:Command line arguments: ['/usr/bin/colcon', 'build']
[0.352s] DEBUG:colcon:Parsed command line arguments: Namespace(log_base=None, log_level=None, verb_name='build', build_base='build', install_base='install', merge_install=False, symlink_install=False, test_result_base=None, continue_on_error=False, executor='parallel', parallel_workers=3, event_handlers=None, ignore_user_meta=False, metas=['./colcon.meta'], base_paths=['.'], packages_ignore=None, packages_ignore_regex=None, paths=None, packages_up_to=None, packages_up_to_regex=None, packages_above=None, packages_above_and_dependencies=None, packages_above_depth=None, packages_select_by_dep=None, packages_skip_by_dep=None, packages_skip_up_to=None, packages_select_build_failed=False, packages_skip_build_finished=False, packages_select_test_failures=False, packages_skip_test_passed=False, packages_select=None, packages_skip=None, packages_select_regex=None, packages_skip_regex=None, packages_start=None, packages_end=None, allow_overriding=[], cmake_args=None, cmake_target=None, cmake_target_skip_unavailable=False, cmake_clean_cache=False, cmake_clean_first=False, cmake_force_configure=False, ament_cmake_args=None, catkin_cmake_args=None, catkin_skip_building_tests=False, mixin_files=None, mixin=None, verb_parser=<colcon_mixin.mixin.mixin_argument.MixinArgumentDecorator object at 0x7c2d9b97b530>, verb_extension=<colcon_core.verb.build.BuildVerb object at 0x7c2d9b97b260>, main=<bound method BuildVerb.main of <colcon_core.verb.build.BuildVerb object at 0x7c2d9b97b260>>, mixin_verb=('build',))
[0.459s] Level 1:colcon.colcon_core.package_discovery:discover_packages(colcon_meta) check parameters
[0.459s] Level 1:colcon.colcon_core.package_discovery:discover_packages(recursive) check parameters
[0.459s] Level 1:colcon.colcon_core.package_discovery:discover_packages(ignore) check parameters
[0.459s] Level 1:colcon.colcon_core.package_discovery:discover_packages(path) check parameters
[0.459s] Level 1:colcon.colcon_core.package_discovery:discover_packages(colcon_meta) discover
[0.460s] Level 1:colcon.colcon_core.package_discovery:discover_packages(recursive) discover
[0.460s] INFO:colcon.colcon_core.package_discovery:Crawling recursively for packages in '/home/vboxuser/Desktop/task11 indv/task11-indv/robot_design/src/robot'
[0.460s] Level 1:colcon.colcon_core.package_identification:_identify(.) by extensions ['ignore', 'ignore_ament_install']
[0.460s] Level 1:colcon.colcon_core.package_identification:_identify(.) by extension 'ignore'
[0.460s] Level 1:colcon.colcon_core.package_identification:_identify(.) by extension 'ignore_ament_install'
[0.461s] Level 1:colcon.colcon_core.package_identification:_identify(.) by extensions ['colcon_pkg']
[0.461s] Level 1:colcon.colcon_core.package_identification:_identify(.) by extension 'colcon_pkg'
[0.461s] Level 1:colcon.colcon_core.package_identification:_identify(.) by extensions ['colcon_meta']
[0.461s] Level 1:colcon.colcon_core.package_identification:_identify(.) by extension 'colcon_meta'
[0.461s] Level 1:colcon.colcon_core.package_identification:_identify(.) by extensions ['ros']
[0.461s] Level 1:colcon.colcon_core.package_identification:_identify(.) by extension 'ros'
[0.503s] DEBUG:colcon.colcon_core.package_identification:Package '.' with type 'ros.ament_cmake' and name 'robot'
[0.503s] Level 1:colcon.colcon_core.package_discovery:discover_packages(recursive) using defaults
[0.504s] Level 1:colcon.colcon_core.package_discovery:discover_packages(ignore) discover
[0.504s] Level 1:colcon.colcon_core.package_discovery:discover_packages(ignore) using defaults
[0.504s] Level 1:colcon.colcon_core.package_discovery:discover_packages(path) discover
[0.504s] Level 1:colcon.colcon_core.package_discovery:discover_packages(path) using defaults
[0.548s] Level 1:colcon.colcon_core.package_discovery:discover_packages(prefix_path) check parameters
[0.548s] Level 1:colcon.colcon_core.package_discovery:discover_packages(prefix_path) discover
[0.559s] DEBUG:colcon.colcon_installed_package_information.package_discovery:Found 1 installed packages in /home/vboxuser/Desktop/task11 indv/task11-indv/robot_design/src/robot/install
[0.561s] DEBUG:colcon.colcon_installed_package_information.package_discovery:Found 1 installed packages in /home/vboxuser/Desktop/task11 indv/task11-indv/robot_design/src/install
[0.562s] DEBUG:colcon.colcon_installed_package_information.package_discovery:Found 1 installed packages in /home/vboxuser/training_ws/install
[0.563s] DEBUG:colcon.colcon_installed_package_information.package_discovery:Found 1 installed packages in /home/vboxuser/ros2_ws/install
[0.567s] DEBUG:colcon.colcon_installed_package_information.package_discovery:Found 347 installed packages in /opt/ros/jazzy
[0.570s] Level 1:colcon.colcon_core.package_discovery:discover_packages(prefix_path) using defaults
[0.717s] Level 5:colcon.colcon_core.verb:set package 'robot' build argument 'cmake_args' from command line to 'None'
[0.717s] Level 5:colcon.colcon_core.verb:set package 'robot' build argument 'cmake_target' from command line to 'None'
[0.717s] Level 5:colcon.colcon_core.verb:set package 'robot' build argument 'cmake_target_skip_unavailable' from command line to 'False'
[0.717s] Level 5:colcon.colcon_core.verb:set package 'robot' build argument 'cmake_clean_cache' from command line to 'False'
[0.717s] Level 5:colcon.colcon_core.verb:set package 'robot' build argument 'cmake_clean_first' from command line to 'False'
[0.717s] Level 5:colcon.colcon_core.verb:set package 'robot' build argument 'cmake_force_configure' from command line to 'False'
[0.718s] Level 5:colcon.colcon_core.verb:set package 'robot' build argument 'ament_cmake_args' from command line to 'None'
[0.718s] Level 5:colcon.colcon_core.verb:set package 'robot' build argument 'catkin_cmake_args' from command line to 'None'
[0.718s] Level 5:colcon.colcon_core.verb:set package 'robot' build argument 'catkin_skip_building_tests' from command line to 'False'
[0.718s] DEBUG:colcon.colcon_core.verb:Building package 'robot' with the following arguments: {'ament_cmake_args': None, 'build_base': '/home/vboxuser/Desktop/task11 indv/task11-indv/robot_design/src/robot/build/robot', 'catkin_cmake_args': None, 'catkin_skip_building_tests': False, 'cmake_args': None, 'cmake_clean_cache': False, 'cmake_clean_first': False, 'cmake_force_configure': False, 'cmake_target': None, 'cmake_target_skip_unavailable': False, 'install_base': '/home/vboxuser/Desktop/task11 indv/task11-indv/robot_design/src/robot/install/robot', 'merge_install': False, 'path': '/home/vboxuser/Desktop/task11 indv/task11-indv/robot_design/src/robot', 'symlink_install': False, 'test_result_base': None}
[0.718s] INFO:colcon.colcon_core.executor:Executing jobs using 'parallel' executor
[0.721s] DEBUG:colcon.colcon_parallel_executor.executor.parallel:run_until_complete
[0.721s] INFO:colcon.colcon_ros.task.ament_cmake.build:Building ROS package in '/home/vboxuser/Desktop/task11 indv/task11-indv/robot_design/src/robot' with build type 'ament_cmake'
[0.721s] INFO:colcon.colcon_cmake.task.cmake.build:Building CMake package in '/home/vboxuser/Desktop/task11 indv/task11-indv/robot_design/src/robot'
[0.735s] INFO:colcon.colcon_core.plugin_system:Skipping extension 'colcon_core.shell.bat': Not used on non-Windows systems
[0.736s] INFO:colcon.colcon_core.shell:Skip shell extension 'powershell' for command environment: Not usable outside of PowerShell
[0.736s] DEBUG:colcon.colcon_core.shell:Skip shell extension 'dsv' for command environment
[0.752s] DEBUG:colcon.colcon_core.event_handler.log_command:Invoking command in '/home/vboxuser/Desktop/task11 indv/task11-indv/robot_design/src/robot/build/robot': CMAKE_PREFIX_PATH=${CMAKE_PREFIX_PATH}:/home/vboxuser/training_ws/install/maze_control:/home/vboxuser/ros2_ws/install/task7_controller:/opt/ros/jazzy DEBUGINFOD_URLS=https://debuginfod.ubuntu.com /usr/bin/cmake --build /home/vboxuser/Desktop/task11 indv/task11-indv/robot_design/src/robot/build/robot -- -j3 -l3
[0.841s] DEBUG:colcon.colcon_core.event_handler.log_command:Invoked command in '/home/vboxuser/Desktop/task11 indv/task11-indv/robot_design/src/robot/build/robot' returned '0': CMAKE_PREFIX_PATH=${CMAKE_PREFIX_PATH}:/home/vboxuser/training_ws/install/maze_control:/home/vboxuser/ros2_ws/install/task7_controller:/opt/ros/jazzy DEBUGINFOD_URLS=https://debuginfod.ubuntu.com /usr/bin/cmake --build /home/vboxuser/Desktop/task11 indv/task11-indv/robot_design/src/robot/build/robot -- -j3 -l3
[0.854s] DEBUG:colcon.colcon_core.event_handler.log_command:Invoking command in '/home/vboxuser/Desktop/task11 indv/task11-indv/robot_design/src/robot/build/robot': CMAKE_PREFIX_PATH=${CMAKE_PREFIX_PATH}:/home/vboxuser/training_ws/install/maze_control:/home/vboxuser/ros2_ws/install/task7_controller:/opt/ros/jazzy DEBUGINFOD_URLS=https://debuginfod.ubuntu.com /usr/bin/cmake --install /home/vboxuser/Desktop/task11 indv/task11-indv/robot_design/src/robot/build/robot
[0.868s] Level 1:colcon.colcon_core.environment:create_environment_scripts_only(robot)
[0.869s] DEBUG:colcon.colcon_core.event_handler.log_command:Invoked command in '/home/vboxuser/Desktop/task11 indv/task11-indv/robot_design/src/robot/build/robot' returned '0': CMAKE_PREFIX_PATH=${CMAKE_PREFIX_PATH}:/home/vboxuser/training_ws/install/maze_control:/home/vboxuser/ros2_ws/install/task7_controller:/opt/ros/jazzy DEBUGINFOD_URLS=https://debuginfod.ubuntu.com /usr/bin/cmake --install /home/vboxuser/Desktop/task11 indv/task11-indv/robot_design/src/robot/build/robot
[0.880s] Level 1:colcon.colcon_core.environment:checking '/home/vboxuser/Desktop/task11 indv/task11-indv/robot_design/src/robot/install/robot' for CMake module files
[0.881s] Level 1:colcon.colcon_core.environment:checking '/home/vboxuser/Desktop/task11 indv/task11-indv/robot_design/src/robot/install/robot' for CMake config files
[0.881s] Level 1:colcon.colcon_core.shell:create_environment_hook('robot', 'cmake_prefix_path')
[0.882s] INFO:colcon.colcon_core.shell:Creating environment hook '/home/vboxuser/Desktop/task11 indv/task11-indv/robot_design/src/robot/install/robot/share/robot/hook/cmake_prefix_path.ps1'
[0.884s] INFO:colcon.colcon_core.shell:Creating environment descriptor '/home/vboxuser/Desktop/task11 indv/task11-indv/robot_design/src/robot/install/robot/share/robot/hook/cmake_prefix_path.dsv'
[0.886s] INFO:colcon.colcon_core.shell:Creating environment hook '/home/vboxuser/Desktop/task11 indv/task11-indv/robot_design/src/robot/install/robot/share/robot/hook/cmake_prefix_path.sh'
[0.889s] Level 1:colcon.colcon_core.environment:checking '/home/vboxuser/Desktop/task11 indv/task11-indv/robot_design/src/robot/install/robot/bin'
[0.889s] Level 1:colcon.colcon_core.environment:checking '/home/vboxuser/Desktop/task11 indv/task11-indv/robot_design/src/robot/install/robot/lib/pkgconfig/robot.pc'
[0.889s] Level 1:colcon.colcon_core.environment:checking '/home/vboxuser/Desktop/task11 indv/task11-indv/robot_design/src/robot/install/robot/lib/python3.12/site-packages'
[0.890s] Level 1:colcon.colcon_core.environment:checking '/home/vboxuser/Desktop/task11 indv/task11-indv/robot_design/src/robot/install/robot/bin'
[0.890s] INFO:colcon.colcon_core.shell:Creating package script '/home/vboxuser/Desktop/task11 indv/task11-indv/robot_design/src/robot/install/robot/share/robot/package.ps1'
[0.892s] INFO:colcon.colcon_core.shell:Creating package descriptor '/home/vboxuser/Desktop/task11 indv/task11-indv/robot_design/src/robot/install/robot/share/robot/package.dsv'
[0.893s] INFO:colcon.colcon_core.shell:Creating package script '/home/vboxuser/Desktop/task11 indv/task11-indv/robot_design/src/robot/install/robot/share/robot/package.sh'
[0.895s] INFO:colcon.colcon_core.shell:Creating package script '/home/vboxuser/Desktop/task11 indv/task11-indv/robot_design/src/robot/install/robot/share/robot/package.bash'
[0.897s] INFO:colcon.colcon_core.shell:Creating package script '/home/vboxuser/Desktop/task11 indv/task11-indv/robot_design/src/robot/install/robot/share/robot/package.zsh'
[0.898s] Level 1:colcon.colcon_core.environment:create_file_with_runtime_dependencies(/home/vboxuser/Desktop/task11 indv/task11-indv/robot_design/src/robot/install/robot/share/colcon-core/packages/robot)
[0.899s] Level 1:colcon.colcon_core.environment:create_environment_scripts_only(robot)
[0.900s] Level 1:colcon.colcon_core.environment:checking '/home/vboxuser/Desktop/task11 indv/task11-indv/robot_design/src/robot/install/robot' for CMake module files
[0.900s] Level 1:colcon.colcon_core.environment:checking '/home/vboxuser/Desktop/task11 indv/task11-indv/robot_design/src/robot/install/robot' for CMake config files
[0.901s] Level 1:colcon.colcon_core.shell:create_environment_hook('robot', 'cmake_prefix_path')
[0.901s] INFO:colcon.colcon_core.shell:Creating environment hook '/home/vboxuser/Desktop/task11 indv/task11-indv/robot_design/src/robot/install/robot/share/robot/hook/cmake_prefix_path.ps1'
[0.902s] INFO:colcon.colcon_core.shell:Creating environment descriptor '/home/vboxuser/Desktop/task11 indv/task11-indv/robot_design/src/robot/install/robot/share/robot/hook/cmake_prefix_path.dsv'
[0.902s] INFO:colcon.colcon_core.shell:Creating environment hook '/home/vboxuser/Desktop/task11 indv/task11-indv/robot_design/src/robot/install/robot/share/robot/hook/cmake_prefix_path.sh'
[0.903s] Level 1:colcon.colcon_core.environment:checking '/home/vboxuser/Desktop/task11 indv/task11-indv/robot_design/src/robot/install/robot/bin'
[0.903s] Level 1:colcon.colcon_core.environment:checking '/home/vboxuser/Desktop/task11 indv/task11-indv/robot_design/src/robot/install/robot/lib/pkgconfig/robot.pc'
[0.904s] Level 1:colcon.colcon_core.environment:checking '/home/vboxuser/Desktop/task11 indv/task11-indv/robot_design/src/robot/install/robot/lib/python3.12/site-packages'
[0.904s] Level 1:colcon.colcon_core.environment:checking '/home/vboxuser/Desktop/task11 indv/task11-indv/robot_design/src/robot/install/robot/bin'
[0.905s] INFO:colcon.colcon_core.shell:Creating package script '/home/vboxuser/Desktop/task11 indv/task11-indv/robot_design/src/robot/install/robot/share/robot/package.ps1'
[0.906s] INFO:colcon.colcon_core.shell:Creating package descriptor '/home/vboxuser/Desktop/task11 indv/task11-indv/robot_design/src/robot/install/robot/share/robot/package.dsv'
[0.906s] INFO:colcon.colcon_core.shell:Creating package script '/home/vboxuser/Desktop/task11 indv/task11-indv/robot_design/src/robot/install/robot/share/robot/package.sh'
[0.907s] INFO:colcon.colcon_core.shell:Creating package script '/home/vboxuser/Desktop/task11 indv/task11-indv/robot_design/src/robot/install/robot/share/robot/package.bash'
[0.908s] INFO:colcon.colcon_core.shell:Creating package script '/home/vboxuser/Desktop/task11 indv/task11-indv/robot_design/src/robot/install/robot/share/robot/package.zsh'
[0.908s] Level 1:colcon.colcon_core.environment:create_file_with_runtime_dependencies(/home/vboxuser/Desktop/task11 indv/task11-indv/robot_design/src/robot/install/robot/share/colcon-core/packages/robot)
[0.909s] DEBUG:colcon.colcon_parallel_executor.executor.parallel:closing loop
[0.909s] DEBUG:colcon.colcon_parallel_executor.executor.parallel:loop closed
[0.910s] DEBUG:colcon.colcon_parallel_executor.executor.parallel:run_until_complete finished with '0'
[0.910s] DEBUG:colcon.colcon_core.event_reactor:joining thread
[0.937s] INFO:colcon.colcon_core.plugin_system:Skipping extension 'colcon_notification.desktop_notification.terminal_notifier': Not used on non-Darwin systems
[0.937s] INFO:colcon.colcon_core.plugin_system:Skipping extension 'colcon_notification.desktop_notification.win32': Not used on non-Windows systems
[0.937s] INFO:colcon.colcon_notification.desktop_notification:Sending desktop notification using 'notify2'
[0.971s] DEBUG:colcon.colcon_core.event_reactor:joined thread
[0.972s] INFO:colcon.colcon_core.shell:Creating prefix script '/home/vboxuser/Desktop/task11 indv/task11-indv/robot_design/src/robot/install/local_setup.ps1'
[0.974s] INFO:colcon.colcon_core.shell:Creating prefix util module '/home/vboxuser/Desktop/task11 indv/task11-indv/robot_design/src/robot/install/_local_setup_util_ps1.py'
[0.978s] INFO:colcon.colcon_core.shell:Creating prefix chain script '/home/vboxuser/Desktop/task11 indv/task11-indv/robot_design/src/robot/install/setup.ps1'
[0.982s] INFO:colcon.colcon_core.shell:Creating prefix script '/home/vboxuser/Desktop/task11 indv/task11-indv/robot_design/src/robot/install/local_setup.sh'
[0.985s] INFO:colcon.colcon_core.shell:Creating prefix util module '/home/vboxuser/Desktop/task11 indv/task11-indv/robot_design/src/robot/install/_local_setup_util_sh.py'
[0.987s] INFO:colcon.colcon_core.shell:Creating prefix chain script '/home/vboxuser/Desktop/task11 indv/task11-indv/robot_design/src/robot/install/setup.sh'
[0.992s] INFO:colcon.colcon_core.shell:Creating prefix script '/home/vboxuser/Desktop/task11 indv/task11-indv/robot_design/src/robot/install/local_setup.bash'
[0.994s] INFO:colcon.colcon_core.shell:Creating prefix chain script '/home/vboxuser/Desktop/task11 indv/task11-indv/robot_design/src/robot/install/setup.bash'
[1.002s] INFO:colcon.colcon_core.shell:Creating prefix script '/home/vboxuser/Desktop/task11 indv/task11-indv/robot_design/src/robot/install/local_setup.zsh'
[1.004s] INFO:colcon.colcon_core.shell:Creating prefix chain script '/home/vboxuser/Desktop/task11 indv/task11-indv/robot_design/src/robot/install/setup.zsh'
