[0.408s] DEBUG:colcon:Command line arguments: ['/usr/bin/colcon', 'build']
[0.408s] DEBUG:colcon:Parsed command line arguments: Namespace(log_base=None, log_level=None, verb_name='build', build_base='build', install_base='install', merge_install=False, symlink_install=False, test_result_base=None, continue_on_error=False, executor='parallel', parallel_workers=3, event_handlers=None, ignore_user_meta=False, metas=['./colcon.meta'], base_paths=['.'], packages_ignore=None, packages_ignore_regex=None, paths=None, packages_up_to=None, packages_up_to_regex=None, packages_above=None, packages_above_and_dependencies=None, packages_above_depth=None, packages_select_by_dep=None, packages_skip_by_dep=None, packages_skip_up_to=None, packages_select_build_failed=False, packages_skip_build_finished=False, packages_select_test_failures=False, packages_skip_test_passed=False, packages_select=None, packages_skip=None, packages_select_regex=None, packages_skip_regex=None, packages_start=None, packages_end=None, allow_overriding=[], cmake_args=None, cmake_target=None, cmake_target_skip_unavailable=False, cmake_clean_cache=False, cmake_clean_first=False, cmake_force_configure=False, ament_cmake_args=None, catkin_cmake_args=None, catkin_skip_building_tests=False, mixin_files=None, mixin=None, verb_parser=<colcon_mixin.mixin.mixin_argument.MixinArgumentDecorator object at 0x799428a77bc0>, verb_extension=<colcon_core.verb.build.BuildVerb object at 0x799428bbf500>, main=<bound method BuildVerb.main of <colcon_core.verb.build.BuildVerb object at 0x799428bbf500>>, mixin_verb=('build',))
[0.589s] Level 1:colcon.colcon_core.package_discovery:discover_packages(colcon_meta) check parameters
[0.589s] Level 1:colcon.colcon_core.package_discovery:discover_packages(recursive) check parameters
[0.589s] Level 1:colcon.colcon_core.package_discovery:discover_packages(ignore) check parameters
[0.589s] Level 1:colcon.colcon_core.package_discovery:discover_packages(path) check parameters
[0.589s] Level 1:colcon.colcon_core.package_discovery:discover_packages(colcon_meta) discover
[0.589s] Level 1:colcon.colcon_core.package_discovery:discover_packages(recursive) discover
[0.590s] INFO:colcon.colcon_core.package_discovery:Crawling recursively for packages in '/home/vboxuser/Desktop/task11 indv/task11-indv/robot_design/src/robot'
[0.590s] Level 1:colcon.colcon_core.package_identification:_identify(.) by extensions ['ignore', 'ignore_ament_install']
[0.590s] Level 1:colcon.colcon_core.package_identification:_identify(.) by extension 'ignore'
[0.590s] Level 1:colcon.colcon_core.package_identification:_identify(.) by extension 'ignore_ament_install'
[0.590s] Level 1:colcon.colcon_core.package_identification:_identify(.) by extensions ['colcon_pkg']
[0.590s] Level 1:colcon.colcon_core.package_identification:_identify(.) by extension 'colcon_pkg'
[0.590s] Level 1:colcon.colcon_core.package_identification:_identify(.) by extensions ['colcon_meta']
[0.591s] Level 1:colcon.colcon_core.package_identification:_identify(.) by extension 'colcon_meta'
[0.591s] Level 1:colcon.colcon_core.package_identification:_identify(.) by extensions ['ros']
[0.591s] Level 1:colcon.colcon_core.package_identification:_identify(.) by extension 'ros'
[0.673s] DEBUG:colcon.colcon_core.package_identification:Package '.' with type 'ros.ament_cmake' and name 'robot'
[0.673s] Level 1:colcon.colcon_core.package_discovery:discover_packages(recursive) using defaults
[0.673s] Level 1:colcon.colcon_core.package_discovery:discover_packages(ignore) discover
[0.673s] Level 1:colcon.colcon_core.package_discovery:discover_packages(ignore) using defaults
[0.673s] Level 1:colcon.colcon_core.package_discovery:discover_packages(path) discover
[0.673s] Level 1:colcon.colcon_core.package_discovery:discover_packages(path) using defaults
[0.741s] Level 1:colcon.colcon_core.package_discovery:discover_packages(prefix_path) check parameters
[0.741s] Level 1:colcon.colcon_core.package_discovery:discover_packages(prefix_path) discover
[0.753s] DEBUG:colcon.colcon_installed_package_information.package_discovery:Found 1 installed packages in /home/vboxuser/Desktop/task11 indv/task11-indv/robot_design/src/robot/install
[0.754s] DEBUG:colcon.colcon_installed_package_information.package_discovery:Found 1 installed packages in /home/vboxuser/training_ws/install
[0.755s] DEBUG:colcon.colcon_installed_package_information.package_discovery:Found 1 installed packages in /home/vboxuser/ros2_ws/install
[0.763s] DEBUG:colcon.colcon_installed_package_information.package_discovery:Found 347 installed packages in /opt/ros/jazzy
[0.766s] Level 1:colcon.colcon_core.package_discovery:discover_packages(prefix_path) using defaults
[0.900s] Level 5:colcon.colcon_core.verb:set package 'robot' build argument 'cmake_args' from command line to 'None'
[0.900s] Level 5:colcon.colcon_core.verb:set package 'robot' build argument 'cmake_target' from command line to 'None'
[0.900s] Level 5:colcon.colcon_core.verb:set package 'robot' build argument 'cmake_target_skip_unavailable' from command line to 'False'
[0.900s] Level 5:colcon.colcon_core.verb:set package 'robot' build argument 'cmake_clean_cache' from command line to 'False'
[0.901s] Level 5:colcon.colcon_core.verb:set package 'robot' build argument 'cmake_clean_first' from command line to 'False'
[0.901s] Level 5:colcon.colcon_core.verb:set package 'robot' build argument 'cmake_force_configure' from command line to 'False'
[0.901s] Level 5:colcon.colcon_core.verb:set package 'robot' build argument 'ament_cmake_args' from command line to 'None'
[0.901s] Level 5:colcon.colcon_core.verb:set package 'robot' build argument 'catkin_cmake_args' from command line to 'None'
[0.901s] Level 5:colcon.colcon_core.verb:set package 'robot' build argument 'catkin_skip_building_tests' from command line to 'False'
[0.901s] DEBUG:colcon.colcon_core.verb:Building package 'robot' with the following arguments: {'ament_cmake_args': None, 'build_base': '/home/vboxuser/Desktop/task11 indv/task11-indv/robot_design/src/robot/build/robot', 'catkin_cmake_args': None, 'catkin_skip_building_tests': False, 'cmake_args': None, 'cmake_clean_cache': False, 'cmake_clean_first': False, 'cmake_force_configure': False, 'cmake_target': None, 'cmake_target_skip_unavailable': False, 'install_base': '/home/vboxuser/Desktop/task11 indv/task11-indv/robot_design/src/robot/install/robot', 'merge_install': False, 'path': '/home/vboxuser/Desktop/task11 indv/task11-indv/robot_design/src/robot', 'symlink_install': False, 'test_result_base': None}
[0.901s] INFO:colcon.colcon_core.executor:Executing jobs using 'parallel' executor
[0.904s] DEBUG:colcon.colcon_parallel_executor.executor.parallel:run_until_complete
[0.904s] INFO:colcon.colcon_ros.task.ament_cmake.build:Building ROS package in '/home/vboxuser/Desktop/task11 indv/task11-indv/robot_design/src/robot' with build type 'ament_cmake'
[0.904s] INFO:colcon.colcon_cmake.task.cmake.build:Building CMake package in '/home/vboxuser/Desktop/task11 indv/task11-indv/robot_design/src/robot'
[0.918s] INFO:colcon.colcon_core.plugin_system:Skipping extension 'colcon_core.shell.bat': Not used on non-Windows systems
[0.918s] INFO:colcon.colcon_core.shell:Skip shell extension 'powershell' for command environment: Not usable outside of PowerShell
[0.921s] DEBUG:colcon.colcon_core.shell:Skip shell extension 'dsv' for command environment
[0.950s] DEBUG:colcon.colcon_core.event_handler.log_command:Invoking command in '/home/vboxuser/Desktop/task11 indv/task11-indv/robot_design/src/robot/build/robot': CMAKE_PREFIX_PATH=${CMAKE_PREFIX_PATH}:/home/vboxuser/training_ws/install/maze_control:/home/vboxuser/ros2_ws/install/task7_controller:/opt/ros/jazzy DEBUGINFOD_URLS=https://debuginfod.ubuntu.com /usr/bin/cmake --build /home/vboxuser/Desktop/task11 indv/task11-indv/robot_design/src/robot/build/robot -- -j3 -l3
[2.740s] DEBUG:colcon.colcon_core.event_handler.log_command:Invoked command in '/home/vboxuser/Desktop/task11 indv/task11-indv/robot_design/src/robot/build/robot' returned '0': CMAKE_PREFIX_PATH=${CMAKE_PREFIX_PATH}:/home/vboxuser/training_ws/install/maze_control:/home/vboxuser/ros2_ws/install/task7_controller:/opt/ros/jazzy DEBUGINFOD_URLS=https://debuginfod.ubuntu.com /usr/bin/cmake --build /home/vboxuser/Desktop/task11 indv/task11-indv/robot_design/src/robot/build/robot -- -j3 -l3
[2.804s] DEBUG:colcon.colcon_core.event_handler.log_command:Invoking command in '/home/vboxuser/Desktop/task11 indv/task11-indv/robot_design/src/robot/build/robot': CMAKE_PREFIX_PATH=${CMAKE_PREFIX_PATH}:/home/vboxuser/training_ws/install/maze_control:/home/vboxuser/ros2_ws/install/task7_controller:/opt/ros/jazzy DEBUGINFOD_URLS=https://debuginfod.ubuntu.com /usr/bin/cmake --install /home/vboxuser/Desktop/task11 indv/task11-indv/robot_design/src/robot/build/robot
[2.887s] Level 1:colcon.colcon_core.environment:create_environment_scripts_only(robot)
[2.890s] DEBUG:colcon.colcon_core.event_handler.log_command:Invoked command in '/home/vboxuser/Desktop/task11 indv/task11-indv/robot_design/src/robot/build/robot' returned '0': CMAKE_PREFIX_PATH=${CMAKE_PREFIX_PATH}:/home/vboxuser/training_ws/install/maze_control:/home/vboxuser/ros2_ws/install/task7_controller:/opt/ros/jazzy DEBUGINFOD_URLS=https://debuginfod.ubuntu.com /usr/bin/cmake --install /home/vboxuser/Desktop/task11 indv/task11-indv/robot_design/src/robot/build/robot
[2.909s] Level 1:colcon.colcon_core.environment:checking '/home/vboxuser/Desktop/task11 indv/task11-indv/robot_design/src/robot/install/robot' for CMake module files
[2.911s] Level 1:colcon.colcon_core.environment:checking '/home/vboxuser/Desktop/task11 indv/task11-indv/robot_design/src/robot/install/robot' for CMake config files
[2.912s] Level 1:colcon.colcon_core.shell:create_environment_hook('robot', 'cmake_prefix_path')
[2.913s] INFO:colcon.colcon_core.shell:Creating environment hook '/home/vboxuser/Desktop/task11 indv/task11-indv/robot_design/src/robot/install/robot/share/robot/hook/cmake_prefix_path.ps1'
[2.923s] INFO:colcon.colcon_core.shell:Creating environment descriptor '/home/vboxuser/Desktop/task11 indv/task11-indv/robot_design/src/robot/install/robot/share/robot/hook/cmake_prefix_path.dsv'
[2.930s] INFO:colcon.colcon_core.shell:Creating environment hook '/home/vboxuser/Desktop/task11 indv/task11-indv/robot_design/src/robot/install/robot/share/robot/hook/cmake_prefix_path.sh'
[2.943s] Level 1:colcon.colcon_core.environment:checking '/home/vboxuser/Desktop/task11 indv/task11-indv/robot_design/src/robot/install/robot/bin'
[2.943s] Level 1:colcon.colcon_core.environment:checking '/home/vboxuser/Desktop/task11 indv/task11-indv/robot_design/src/robot/install/robot/lib/pkgconfig/robot.pc'
[2.943s] Level 1:colcon.colcon_core.environment:checking '/home/vboxuser/Desktop/task11 indv/task11-indv/robot_design/src/robot/install/robot/lib/python3.12/site-packages'
[2.944s] Level 1:colcon.colcon_core.environment:checking '/home/vboxuser/Desktop/task11 indv/task11-indv/robot_design/src/robot/install/robot/bin'
[2.944s] INFO:colcon.colcon_core.shell:Creating package script '/home/vboxuser/Desktop/task11 indv/task11-indv/robot_design/src/robot/install/robot/share/robot/package.ps1'
[2.956s] INFO:colcon.colcon_core.shell:Creating package descriptor '/home/vboxuser/Desktop/task11 indv/task11-indv/robot_design/src/robot/install/robot/share/robot/package.dsv'
[2.960s] INFO:colcon.colcon_core.shell:Creating package script '/home/vboxuser/Desktop/task11 indv/task11-indv/robot_design/src/robot/install/robot/share/robot/package.sh'
[2.963s] INFO:colcon.colcon_core.shell:Creating package script '/home/vboxuser/Desktop/task11 indv/task11-indv/robot_design/src/robot/install/robot/share/robot/package.bash'
[2.968s] INFO:colcon.colcon_core.shell:Creating package script '/home/vboxuser/Desktop/task11 indv/task11-indv/robot_design/src/robot/install/robot/share/robot/package.zsh'
[2.971s] Level 1:colcon.colcon_core.environment:create_file_with_runtime_dependencies(/home/vboxuser/Desktop/task11 indv/task11-indv/robot_design/src/robot/install/robot/share/colcon-core/packages/robot)
[2.972s] Level 1:colcon.colcon_core.environment:create_environment_scripts_only(robot)
[2.974s] Level 1:colcon.colcon_core.environment:checking '/home/vboxuser/Desktop/task11 indv/task11-indv/robot_design/src/robot/install/robot' for CMake module files
[2.975s] Level 1:colcon.colcon_core.environment:checking '/home/vboxuser/Desktop/task11 indv/task11-indv/robot_design/src/robot/install/robot' for CMake config files
[2.976s] Level 1:colcon.colcon_core.shell:create_environment_hook('robot', 'cmake_prefix_path')
[2.976s] INFO:colcon.colcon_core.shell:Creating environment hook '/home/vboxuser/Desktop/task11 indv/task11-indv/robot_design/src/robot/install/robot/share/robot/hook/cmake_prefix_path.ps1'
[2.981s] INFO:colcon.colcon_core.shell:Creating environment descriptor '/home/vboxuser/Desktop/task11 indv/task11-indv/robot_design/src/robot/install/robot/share/robot/hook/cmake_prefix_path.dsv'
[2.983s] INFO:colcon.colcon_core.shell:Creating environment hook '/home/vboxuser/Desktop/task11 indv/task11-indv/robot_design/src/robot/install/robot/share/robot/hook/cmake_prefix_path.sh'
[2.985s] Level 1:colcon.colcon_core.environment:checking '/home/vboxuser/Desktop/task11 indv/task11-indv/robot_design/src/robot/install/robot/bin'
[2.985s] Level 1:colcon.colcon_core.environment:checking '/home/vboxuser/Desktop/task11 indv/task11-indv/robot_design/src/robot/install/robot/lib/pkgconfig/robot.pc'
[2.985s] Level 1:colcon.colcon_core.environment:checking '/home/vboxuser/Desktop/task11 indv/task11-indv/robot_design/src/robot/install/robot/lib/python3.12/site-packages'
[2.986s] Level 1:colcon.colcon_core.environment:checking '/home/vboxuser/Desktop/task11 indv/task11-indv/robot_design/src/robot/install/robot/bin'
[2.987s] INFO:colcon.colcon_core.shell:Creating package script '/home/vboxuser/Desktop/task11 indv/task11-indv/robot_design/src/robot/install/robot/share/robot/package.ps1'
[2.990s] INFO:colcon.colcon_core.shell:Creating package descriptor '/home/vboxuser/Desktop/task11 indv/task11-indv/robot_design/src/robot/install/robot/share/robot/package.dsv'
[2.993s] INFO:colcon.colcon_core.shell:Creating package script '/home/vboxuser/Desktop/task11 indv/task11-indv/robot_design/src/robot/install/robot/share/robot/package.sh'
[2.996s] INFO:colcon.colcon_core.shell:Creating package script '/home/vboxuser/Desktop/task11 indv/task11-indv/robot_design/src/robot/install/robot/share/robot/package.bash'
[2.996s] INFO:colcon.colcon_core.shell:Creating package script '/home/vboxuser/Desktop/task11 indv/task11-indv/robot_design/src/robot/install/robot/share/robot/package.zsh'
[2.998s] Level 1:colcon.colcon_core.environment:create_file_with_runtime_dependencies(/home/vboxuser/Desktop/task11 indv/task11-indv/robot_design/src/robot/install/robot/share/colcon-core/packages/robot)
[2.999s] DEBUG:colcon.colcon_parallel_executor.executor.parallel:closing loop
[3.002s] DEBUG:colcon.colcon_parallel_executor.executor.parallel:loop closed
[3.002s] DEBUG:colcon.colcon_parallel_executor.executor.parallel:run_until_complete finished with '0'
[3.002s] DEBUG:colcon.colcon_core.event_reactor:joining thread
[3.050s] INFO:colcon.colcon_core.plugin_system:Skipping extension 'colcon_notification.desktop_notification.terminal_notifier': Not used on non-Darwin systems
[3.051s] INFO:colcon.colcon_core.plugin_system:Skipping extension 'colcon_notification.desktop_notification.win32': Not used on non-Windows systems
[3.052s] INFO:colcon.colcon_notification.desktop_notification:Sending desktop notification using 'notify2'
[3.089s] DEBUG:colcon.colcon_core.event_reactor:joined thread
[3.090s] INFO:colcon.colcon_core.shell:Creating prefix script '/home/vboxuser/Desktop/task11 indv/task11-indv/robot_design/src/robot/install/local_setup.ps1'
[3.093s] INFO:colcon.colcon_core.shell:Creating prefix util module '/home/vboxuser/Desktop/task11 indv/task11-indv/robot_design/src/robot/install/_local_setup_util_ps1.py'
[3.102s] INFO:colcon.colcon_core.shell:Creating prefix chain script '/home/vboxuser/Desktop/task11 indv/task11-indv/robot_design/src/robot/install/setup.ps1'
[3.108s] INFO:colcon.colcon_core.shell:Creating prefix script '/home/vboxuser/Desktop/task11 indv/task11-indv/robot_design/src/robot/install/local_setup.sh'
[3.113s] INFO:colcon.colcon_core.shell:Creating prefix util module '/home/vboxuser/Desktop/task11 indv/task11-indv/robot_design/src/robot/install/_local_setup_util_sh.py'
[3.118s] INFO:colcon.colcon_core.shell:Creating prefix chain script '/home/vboxuser/Desktop/task11 indv/task11-indv/robot_design/src/robot/install/setup.sh'
[3.127s] INFO:colcon.colcon_core.shell:Creating prefix script '/home/vboxuser/Desktop/task11 indv/task11-indv/robot_design/src/robot/install/local_setup.bash'
[3.135s] INFO:colcon.colcon_core.shell:Creating prefix chain script '/home/vboxuser/Desktop/task11 indv/task11-indv/robot_design/src/robot/install/setup.bash'
[3.139s] INFO:colcon.colcon_core.shell:Creating prefix script '/home/vboxuser/Desktop/task11 indv/task11-indv/robot_design/src/robot/install/local_setup.zsh'
[3.141s] INFO:colcon.colcon_core.shell:Creating prefix chain script '/home/vboxuser/Desktop/task11 indv/task11-indv/robot_design/src/robot/install/setup.zsh'
