[0.023s] Invoking command in '/home/vboxuser/robot_design/build/robot': CMAKE_PREFIX_PATH=${CMAKE_PREFIX_PATH}:/home/vboxuser/training_ws/install/maze_control:/home/vboxuser/ros2_ws/install/task7_controller:/opt/ros/jazzy DEBUGINFOD_URLS=https://debuginfod.ubuntu.com /usr/bin/cmake --build /home/vboxuser/robot_design/build/robot -- -j3 -l3
[0.072s] -- Found ament_cmake: 2.5.6 (/opt/ros/jazzy/share/ament_cmake/cmake)
[0.445s] -- Found ament_lint_auto: 0.17.5 (/opt/ros/jazzy/share/ament_lint_auto/cmake)
[0.619s] -- Added test 'flake8' to check Python code syntax and style conventions
[0.620s] -- Configured 'flake8' exclude dirs and/or files: 
[0.622s] -- Added test 'lint_cmake' to check CMake code style
[0.623s] -- Added test 'pep257' to check Python code against some of the docstring style conventions in PEP 257
[0.625s] -- Added test 'xmllint' to check XML markup files
[0.628s] -- Configuring done (0.6s)
[0.640s] -- Generating done (0.0s)
[0.644s] -- Build files have been written to: /home/vboxuser/robot_design/build/robot
[0.674s] Invoked command in '/home/vboxuser/robot_design/build/robot' returned '0': CMAKE_PREFIX_PATH=${CMAKE_PREFIX_PATH}:/home/vboxuser/training_ws/install/maze_control:/home/vboxuser/ros2_ws/install/task7_controller:/opt/ros/jazzy DEBUGINFOD_URLS=https://debuginfod.ubuntu.com /usr/bin/cmake --build /home/vboxuser/robot_design/build/robot -- -j3 -l3
[0.688s] Invoking command in '/home/vboxuser/robot_design/build/robot': CMAKE_PREFIX_PATH=${CMAKE_PREFIX_PATH}:/home/vboxuser/training_ws/install/maze_control:/home/vboxuser/ros2_ws/install/task7_controller:/opt/ros/jazzy DEBUGINFOD_URLS=https://debuginfod.ubuntu.com /usr/bin/cmake --install /home/vboxuser/robot_design/build/robot
[0.699s] -- Install configuration: ""
[0.699s] -- Installing: /home/vboxuser/robot_design/install/robot/share/robot/launch
[0.699s] -- Installing: /home/vboxuser/robot_design/install/robot/share/robot/launch/.sim.launch.py
[0.699s] -- Installing: /home/vboxuser/robot_design/install/robot/share/robot/urdf
[0.699s] -- Installing: /home/vboxuser/robot_design/install/robot/share/robot/urdf/robot.xacro
[0.699s] -- Up-to-date: /home/vboxuser/robot_design/install/robot/share/ament_index/resource_index/package_run_dependencies/robot
[0.699s] -- Installing: /home/vboxuser/robot_design/install/robot/share/ament_index/resource_index/parent_prefix_path/robot
[0.700s] -- Up-to-date: /home/vboxuser/robot_design/install/robot/share/robot/environment/ament_prefix_path.sh
[0.700s] -- Up-to-date: /home/vboxuser/robot_design/install/robot/share/robot/environment/ament_prefix_path.dsv
[0.700s] -- Up-to-date: /home/vboxuser/robot_design/install/robot/share/robot/environment/path.sh
[0.700s] -- Up-to-date: /home/vboxuser/robot_design/install/robot/share/robot/environment/path.dsv
[0.700s] -- Up-to-date: /home/vboxuser/robot_design/install/robot/share/robot/local_setup.bash
[0.701s] -- Up-to-date: /home/vboxuser/robot_design/install/robot/share/robot/local_setup.sh
[0.701s] -- Up-to-date: /home/vboxuser/robot_design/install/robot/share/robot/local_setup.zsh
[0.702s] -- Up-to-date: /home/vboxuser/robot_design/install/robot/share/robot/local_setup.dsv
[0.703s] -- Installing: /home/vboxuser/robot_design/install/robot/share/robot/package.dsv
[0.704s] -- Up-to-date: /home/vboxuser/robot_design/install/robot/share/ament_index/resource_index/packages/robot
[0.704s] -- Up-to-date: /home/vboxuser/robot_design/install/robot/share/robot/cmake/robotConfig.cmake
[0.704s] -- Up-to-date: /home/vboxuser/robot_design/install/robot/share/robot/cmake/robotConfig-version.cmake
[0.704s] -- Up-to-date: /home/vboxuser/robot_design/install/robot/share/robot/package.xml
[0.705s] Invoked command in '/home/vboxuser/robot_design/build/robot' returned '0': CMAKE_PREFIX_PATH=${CMAKE_PREFIX_PATH}:/home/vboxuser/training_ws/install/maze_control:/home/vboxuser/ros2_ws/install/task7_controller:/opt/ros/jazzy DEBUGINFOD_URLS=https://debuginfod.ubuntu.com /usr/bin/cmake --install /home/vboxuser/robot_design/build/robot
