-- Found ament_cmake: 2.5.6 (/opt/ros/jazzy/share/ament_cmake/cmake)
-- Override CMake install command with custom implementation using symlinks instead of copying resources
-- Found ament_lint_auto: 0.17.5 (/opt/ros/jazzy/share/ament_lint_auto/cmake)
-- Added test 'flake8' to check Python code syntax and style conventions
-- Configured 'flake8' exclude dirs and/or files: 
-- Added test 'lint_cmake' to check CMake code style
-- Added test 'pep257' to check Python code against some of the docstring style conventions in PEP 257
-- Added test 'xmllint' to check XML markup files
-- Configuring done (0.5s)
-- Generating done (0.0s)
-- Build files have been written to: /home/vboxuser/robot_design/build/robot
-- Install configuration: ""
-- Execute custom install script
-- Symlinking: /home/vboxuser/robot_design/install/robot/share/robot/launch/.sim.launch.py
-- Symlinking: /home/vboxuser/robot_design/install/robot/share/robot/urdf/robot.xacro
-- Symlinking: /home/vboxuser/robot_design/install/robot/share/ament_index/resource_index/package_run_dependencies/robot
-- Symlinking: /home/vboxuser/robot_design/install/robot/share/ament_index/resource_index/parent_prefix_path/robot
-- Symlinking: /home/vboxuser/robot_design/install/robot/share/robot/environment/ament_prefix_path.sh
-- Symlinking: /home/vboxuser/robot_design/install/robot/share/robot/environment/ament_prefix_path.dsv
-- Symlinking: /home/vboxuser/robot_design/install/robot/share/robot/environment/path.sh
-- Symlinking: /home/vboxuser/robot_design/install/robot/share/robot/environment/path.dsv
-- Symlinking: /home/vboxuser/robot_design/install/robot/share/robot/local_setup.bash
-- Symlinking: /home/vboxuser/robot_design/install/robot/share/robot/local_setup.sh
-- Symlinking: /home/vboxuser/robot_design/install/robot/share/robot/local_setup.zsh
-- Symlinking: /home/vboxuser/robot_design/install/robot/share/robot/local_setup.dsv
-- Symlinking: /home/vboxuser/robot_design/install/robot/share/robot/package.dsv
-- Symlinking: /home/vboxuser/robot_design/install/robot/share/ament_index/resource_index/packages/robot
-- Symlinking: /home/vboxuser/robot_design/install/robot/share/robot/cmake/robotConfig.cmake
-- Symlinking: /home/vboxuser/robot_design/install/robot/share/robot/cmake/robotConfig-version.cmake
-- Symlinking: /home/vboxuser/robot_design/install/robot/share/robot/package.xml
