[0.604s] DEBUG:colcon:Command line arguments: ['/usr/bin/colcon', 'build']
[0.605s] DEBUG:colcon:Parsed command line arguments: Namespace(log_base=None, log_level=None, verb_name='build', build_base='build', install_base='install', merge_install=False, symlink_install=False, test_result_base=None, continue_on_error=False, executor='parallel', parallel_workers=3, event_handlers=None, ignore_user_meta=False, metas=['./colcon.meta'], base_paths=['.'], packages_ignore=None, packages_ignore_regex=None, paths=None, packages_up_to=None, packages_up_to_regex=None, packages_above=None, packages_above_and_dependencies=None, packages_above_depth=None, packages_select_by_dep=None, packages_skip_by_dep=None, packages_skip_up_to=None, packages_select_build_failed=False, packages_skip_build_finished=False, packages_select_test_failures=False, packages_skip_test_passed=False, packages_select=None, packages_skip=None, packages_select_regex=None, packages_skip_regex=None, packages_start=None, packages_end=None, allow_overriding=[], cmake_args=None, cmake_target=None, cmake_target_skip_unavailable=False, cmake_clean_cache=False, cmake_clean_first=False, cmake_force_configure=False, ament_cmake_args=None, catkin_cmake_args=None, catkin_skip_building_tests=False, mixin_files=None, mixin=None, verb_parser=<colcon_mixin.mixin.mixin_argument.MixinArgumentDecorator object at 0x7b0a8cf7bb00>, verb_extension=<colcon_core.verb.build.BuildVerb object at 0x7b0a8cf7b5f0>, main=<bound method BuildVerb.main of <colcon_core.verb.build.BuildVerb object at 0x7b0a8cf7b5f0>>, mixin_verb=('build',))
[0.741s] Level 1:colcon.colcon_core.package_discovery:discover_packages(colcon_meta) check parameters
[0.742s] Level 1:colcon.colcon_core.package_discovery:discover_packages(recursive) check parameters
[0.742s] Level 1:colcon.colcon_core.package_discovery:discover_packages(ignore) check parameters
[0.742s] Level 1:colcon.colcon_core.package_discovery:discover_packages(path) check parameters
[0.742s] Level 1:colcon.colcon_core.package_discovery:discover_packages(colcon_meta) discover
[0.742s] Level 1:colcon.colcon_core.package_discovery:discover_packages(recursive) discover
[0.742s] INFO:colcon.colcon_core.package_discovery:Crawling recursively for packages in '/home/vboxuser/Desktop/task11 indv/task11-indv/robot_design/src/robot'
[0.742s] Level 1:colcon.colcon_core.package_identification:_identify(.) by extensions ['ignore', 'ignore_ament_install']
[0.742s] Level 1:colcon.colcon_core.package_identification:_identify(.) by extension 'ignore'
[0.743s] Level 1:colcon.colcon_core.package_identification:_identify(.) by extension 'ignore_ament_install'
[0.743s] Level 1:colcon.colcon_core.package_identification:_identify(.) by extensions ['colcon_pkg']
[0.743s] Level 1:colcon.colcon_core.package_identification:_identify(.) by extension 'colcon_pkg'
[0.743s] Level 1:colcon.colcon_core.package_identification:_identify(.) by extensions ['colcon_meta']
[0.743s] Level 1:colcon.colcon_core.package_identification:_identify(.) by extension 'colcon_meta'
[0.743s] Level 1:colcon.colcon_core.package_identification:_identify(.) by extensions ['ros']
[0.743s] Level 1:colcon.colcon_core.package_identification:_identify(.) by extension 'ros'
[0.811s] DEBUG:colcon.colcon_core.package_identification:Package '.' with type 'ros.ament_cmake' and name 'robot'
[0.811s] Level 1:colcon.colcon_core.package_discovery:discover_packages(recursive) using defaults
[0.812s] Level 1:colcon.colcon_core.package_discovery:discover_packages(ignore) discover
[0.812s] Level 1:colcon.colcon_core.package_discovery:discover_packages(ignore) using defaults
[0.812s] Level 1:colcon.colcon_core.package_discovery:discover_packages(path) discover
[0.812s] Level 1:colcon.colcon_core.package_discovery:discover_packages(path) using defaults
[0.861s] Level 1:colcon.colcon_core.package_discovery:discover_packages(prefix_path) check parameters
[0.862s] Level 1:colcon.colcon_core.package_discovery:discover_packages(prefix_path) discover
[0.870s] DEBUG:colcon.colcon_installed_package_information.package_discovery:Found 1 installed packages in /home/vboxuser/training_ws/install
[0.871s] DEBUG:colcon.colcon_installed_package_information.package_discovery:Found 1 installed packages in /home/vboxuser/ros2_ws/install
[0.876s] DEBUG:colcon.colcon_installed_package_information.package_discovery:Found 347 installed packages in /opt/ros/jazzy
[0.880s] Level 1:colcon.colcon_core.package_discovery:discover_packages(prefix_path) using defaults
[0.957s] Level 5:colcon.colcon_core.verb:set package 'robot' build argument 'cmake_args' from command line to 'None'
[0.957s] Level 5:colcon.colcon_core.verb:set package 'robot' build argument 'cmake_target' from command line to 'None'
[0.957s] Level 5:colcon.colcon_core.verb:set package 'robot' build argument 'cmake_target_skip_unavailable' from command line to 'False'
[0.957s] Level 5:colcon.colcon_core.verb:set package 'robot' build argument 'cmake_clean_cache' from command line to 'False'
[0.957s] Level 5:colcon.colcon_core.verb:set package 'robot' build argument 'cmake_clean_first' from command line to 'False'
[0.957s] Level 5:colcon.colcon_core.verb:set package 'robot' build argument 'cmake_force_configure' from command line to 'False'
[0.957s] Level 5:colcon.colcon_core.verb:set package 'robot' build argument 'ament_cmake_args' from command line to 'None'
[0.957s] Level 5:colcon.colcon_core.verb:set package 'robot' build argument 'catkin_cmake_args' from command line to 'None'
[0.957s] Level 5:colcon.colcon_core.verb:set package 'robot' build argument 'catkin_skip_building_tests' from command line to 'False'
[0.957s] DEBUG:colcon.colcon_core.verb:Building package 'robot' with the following arguments: {'ament_cmake_args': None, 'build_base': '/home/vboxuser/Desktop/task11 indv/task11-indv/robot_design/src/robot/build/robot', 'catkin_cmake_args': None, 'catkin_skip_building_tests': False, 'cmake_args': None, 'cmake_clean_cache': False, 'cmake_clean_first': False, 'cmake_force_configure': False, 'cmake_target': None, 'cmake_target_skip_unavailable': False, 'install_base': '/home/vboxuser/Desktop/task11 indv/task11-indv/robot_design/src/robot/install/robot', 'merge_install': False, 'path': '/home/vboxuser/Desktop/task11 indv/task11-indv/robot_design/src/robot', 'symlink_install': False, 'test_result_base': None}
[0.958s] INFO:colcon.colcon_core.executor:Executing jobs using 'parallel' executor
[0.959s] DEBUG:colcon.colcon_parallel_executor.executor.parallel:run_until_complete
[0.960s] INFO:colcon.colcon_ros.task.ament_cmake.build:Building ROS package in '/home/vboxuser/Desktop/task11 indv/task11-indv/robot_design/src/robot' with build type 'ament_cmake'
[0.960s] INFO:colcon.colcon_cmake.task.cmake.build:Building CMake package in '/home/vboxuser/Desktop/task11 indv/task11-indv/robot_design/src/robot'
[0.983s] INFO:colcon.colcon_core.plugin_system:Skipping extension 'colcon_core.shell.bat': Not used on non-Windows systems
[0.983s] INFO:colcon.colcon_core.shell:Skip shell extension 'powershell' for command environment: Not usable outside of PowerShell
[0.983s] DEBUG:colcon.colcon_core.shell:Skip shell extension 'dsv' for command environment
[1.010s] DEBUG:colcon.colcon_core.event_handler.log_command:Invoking command in '/home/vboxuser/Desktop/task11 indv/task11-indv/robot_design/src/robot/build/robot': CMAKE_PREFIX_PATH=${CMAKE_PREFIX_PATH}:/home/vboxuser/training_ws/install/maze_control:/home/vboxuser/ros2_ws/install/task7_controller:/opt/ros/jazzy DEBUGINFOD_URLS=https://debuginfod.ubuntu.com /usr/bin/cmake --build /home/vboxuser/Desktop/task11 indv/task11-indv/robot_design/src/robot/build/robot -- -j3 -l3
[1.154s] DEBUG:colcon.colcon_core.event_handler.log_command:Invoked command in '/home/vboxuser/Desktop/task11 indv/task11-indv/robot_design/src/robot/build/robot' returned '0': CMAKE_PREFIX_PATH=${CMAKE_PREFIX_PATH}:/home/vboxuser/training_ws/install/maze_control:/home/vboxuser/ros2_ws/install/task7_controller:/opt/ros/jazzy DEBUGINFOD_URLS=https://debuginfod.ubuntu.com /usr/bin/cmake --build /home/vboxuser/Desktop/task11 indv/task11-indv/robot_design/src/robot/build/robot -- -j3 -l3
[1.173s] DEBUG:colcon.colcon_core.event_handler.log_command:Invoking command in '/home/vboxuser/Desktop/task11 indv/task11-indv/robot_design/src/robot/build/robot': CMAKE_PREFIX_PATH=${CMAKE_PREFIX_PATH}:/home/vboxuser/training_ws/install/maze_control:/home/vboxuser/ros2_ws/install/task7_controller:/opt/ros/jazzy DEBUGINFOD_URLS=https://debuginfod.ubuntu.com /usr/bin/cmake --install /home/vboxuser/Desktop/task11 indv/task11-indv/robot_design/src/robot/build/robot
[1.205s] Level 1:colcon.colcon_core.environment:create_environment_scripts_only(robot)
[1.206s] DEBUG:colcon.colcon_core.event_handler.log_command:Invoked command in '/home/vboxuser/Desktop/task11 indv/task11-indv/robot_design/src/robot/build/robot' returned '0': CMAKE_PREFIX_PATH=${CMAKE_PREFIX_PATH}:/home/vboxuser/training_ws/install/maze_control:/home/vboxuser/ros2_ws/install/task7_controller:/opt/ros/jazzy DEBUGINFOD_URLS=https://debuginfod.ubuntu.com /usr/bin/cmake --install /home/vboxuser/Desktop/task11 indv/task11-indv/robot_design/src/robot/build/robot
[1.245s] Level 1:colcon.colcon_core.environment:checking '/home/vboxuser/Desktop/task11 indv/task11-indv/robot_design/src/robot/install/robot' for CMake module files
[1.247s] Level 1:colcon.colcon_core.environment:checking '/home/vboxuser/Desktop/task11 indv/task11-indv/robot_design/src/robot/install/robot' for CMake config files
[1.253s] Level 1:colcon.colcon_core.shell:create_environment_hook('robot', 'cmake_prefix_path')
[1.254s] INFO:colcon.colcon_core.shell:Creating environment hook '/home/vboxuser/Desktop/task11 indv/task11-indv/robot_design/src/robot/install/robot/share/robot/hook/cmake_prefix_path.ps1'
[1.257s] INFO:colcon.colcon_core.shell:Creating environment descriptor '/home/vboxuser/Desktop/task11 indv/task11-indv/robot_design/src/robot/install/robot/share/robot/hook/cmake_prefix_path.dsv'
[1.260s] INFO:colcon.colcon_core.shell:Creating environment hook '/home/vboxuser/Desktop/task11 indv/task11-indv/robot_design/src/robot/install/robot/share/robot/hook/cmake_prefix_path.sh'
[1.265s] Level 1:colcon.colcon_core.environment:checking '/home/vboxuser/Desktop/task11 indv/task11-indv/robot_design/src/robot/install/robot/bin'
[1.266s] Level 1:colcon.colcon_core.environment:checking '/home/vboxuser/Desktop/task11 indv/task11-indv/robot_design/src/robot/install/robot/lib/pkgconfig/robot.pc'
[1.267s] Level 1:colcon.colcon_core.environment:checking '/home/vboxuser/Desktop/task11 indv/task11-indv/robot_design/src/robot/install/robot/lib/python3.12/site-packages'
[1.270s] Level 1:colcon.colcon_core.environment:checking '/home/vboxuser/Desktop/task11 indv/task11-indv/robot_design/src/robot/install/robot/bin'
[1.271s] INFO:colcon.colcon_core.shell:Creating package script '/home/vboxuser/Desktop/task11 indv/task11-indv/robot_design/src/robot/install/robot/share/robot/package.ps1'
[1.275s] INFO:colcon.colcon_core.shell:Creating package descriptor '/home/vboxuser/Desktop/task11 indv/task11-indv/robot_design/src/robot/install/robot/share/robot/package.dsv'
[1.278s] INFO:colcon.colcon_core.shell:Creating package script '/home/vboxuser/Desktop/task11 indv/task11-indv/robot_design/src/robot/install/robot/share/robot/package.sh'
[1.280s] INFO:colcon.colcon_core.shell:Creating package script '/home/vboxuser/Desktop/task11 indv/task11-indv/robot_design/src/robot/install/robot/share/robot/package.bash'
[1.282s] INFO:colcon.colcon_core.shell:Creating package script '/home/vboxuser/Desktop/task11 indv/task11-indv/robot_design/src/robot/install/robot/share/robot/package.zsh'
[1.288s] Level 1:colcon.colcon_core.environment:create_file_with_runtime_dependencies(/home/vboxuser/Desktop/task11 indv/task11-indv/robot_design/src/robot/install/robot/share/colcon-core/packages/robot)
[1.289s] Level 1:colcon.colcon_core.environment:create_environment_scripts_only(robot)
[1.290s] Level 1:colcon.colcon_core.environment:checking '/home/vboxuser/Desktop/task11 indv/task11-indv/robot_design/src/robot/install/robot' for CMake module files
[1.290s] Level 1:colcon.colcon_core.environment:checking '/home/vboxuser/Desktop/task11 indv/task11-indv/robot_design/src/robot/install/robot' for CMake config files
[1.291s] Level 1:colcon.colcon_core.shell:create_environment_hook('robot', 'cmake_prefix_path')
[1.291s] INFO:colcon.colcon_core.shell:Creating environment hook '/home/vboxuser/Desktop/task11 indv/task11-indv/robot_design/src/robot/install/robot/share/robot/hook/cmake_prefix_path.ps1'
[1.293s] INFO:colcon.colcon_core.shell:Creating environment descriptor '/home/vboxuser/Desktop/task11 indv/task11-indv/robot_design/src/robot/install/robot/share/robot/hook/cmake_prefix_path.dsv'
[1.293s] INFO:colcon.colcon_core.shell:Creating environment hook '/home/vboxuser/Desktop/task11 indv/task11-indv/robot_design/src/robot/install/robot/share/robot/hook/cmake_prefix_path.sh'
[1.294s] Level 1:colcon.colcon_core.environment:checking '/home/vboxuser/Desktop/task11 indv/task11-indv/robot_design/src/robot/install/robot/bin'
[1.294s] Level 1:colcon.colcon_core.environment:checking '/home/vboxuser/Desktop/task11 indv/task11-indv/robot_design/src/robot/install/robot/lib/pkgconfig/robot.pc'
[1.295s] Level 1:colcon.colcon_core.environment:checking '/home/vboxuser/Desktop/task11 indv/task11-indv/robot_design/src/robot/install/robot/lib/python3.12/site-packages'
[1.295s] Level 1:colcon.colcon_core.environment:checking '/home/vboxuser/Desktop/task11 indv/task11-indv/robot_design/src/robot/install/robot/bin'
[1.296s] INFO:colcon.colcon_core.shell:Creating package script '/home/vboxuser/Desktop/task11 indv/task11-indv/robot_design/src/robot/install/robot/share/robot/package.ps1'
[1.297s] INFO:colcon.colcon_core.shell:Creating package descriptor '/home/vboxuser/Desktop/task11 indv/task11-indv/robot_design/src/robot/install/robot/share/robot/package.dsv'
[1.298s] INFO:colcon.colcon_core.shell:Creating package script '/home/vboxuser/Desktop/task11 indv/task11-indv/robot_design/src/robot/install/robot/share/robot/package.sh'
[1.298s] INFO:colcon.colcon_core.shell:Creating package script '/home/vboxuser/Desktop/task11 indv/task11-indv/robot_design/src/robot/install/robot/share/robot/package.bash'
[1.299s] INFO:colcon.colcon_core.shell:Creating package script '/home/vboxuser/Desktop/task11 indv/task11-indv/robot_design/src/robot/install/robot/share/robot/package.zsh'
[1.300s] Level 1:colcon.colcon_core.environment:create_file_with_runtime_dependencies(/home/vboxuser/Desktop/task11 indv/task11-indv/robot_design/src/robot/install/robot/share/colcon-core/packages/robot)
[1.301s] DEBUG:colcon.colcon_parallel_executor.executor.parallel:closing loop
[1.302s] DEBUG:colcon.colcon_parallel_executor.executor.parallel:loop closed
[1.302s] DEBUG:colcon.colcon_parallel_executor.executor.parallel:run_until_complete finished with '0'
[1.302s] DEBUG:colcon.colcon_core.event_reactor:joining thread
[1.339s] INFO:colcon.colcon_core.plugin_system:Skipping extension 'colcon_notification.desktop_notification.terminal_notifier': Not used on non-Darwin systems
[1.339s] INFO:colcon.colcon_core.plugin_system:Skipping extension 'colcon_notification.desktop_notification.win32': Not used on non-Windows systems
[1.339s] INFO:colcon.colcon_notification.desktop_notification:Sending desktop notification using 'notify2'
[1.387s] DEBUG:colcon.colcon_core.event_reactor:joined thread
[1.387s] INFO:colcon.colcon_core.shell:Creating prefix script '/home/vboxuser/Desktop/task11 indv/task11-indv/robot_design/src/robot/install/local_setup.ps1'
[1.391s] INFO:colcon.colcon_core.shell:Creating prefix util module '/home/vboxuser/Desktop/task11 indv/task11-indv/robot_design/src/robot/install/_local_setup_util_ps1.py'
[1.394s] INFO:colcon.colcon_core.shell:Creating prefix chain script '/home/vboxuser/Desktop/task11 indv/task11-indv/robot_design/src/robot/install/setup.ps1'
[1.399s] INFO:colcon.colcon_core.shell:Creating prefix script '/home/vboxuser/Desktop/task11 indv/task11-indv/robot_design/src/robot/install/local_setup.sh'
[1.402s] INFO:colcon.colcon_core.shell:Creating prefix util module '/home/vboxuser/Desktop/task11 indv/task11-indv/robot_design/src/robot/install/_local_setup_util_sh.py'
[1.405s] INFO:colcon.colcon_core.shell:Creating prefix chain script '/home/vboxuser/Desktop/task11 indv/task11-indv/robot_design/src/robot/install/setup.sh'
[1.409s] INFO:colcon.colcon_core.shell:Creating prefix script '/home/vboxuser/Desktop/task11 indv/task11-indv/robot_design/src/robot/install/local_setup.bash'
[1.414s] INFO:colcon.colcon_core.shell:Creating prefix chain script '/home/vboxuser/Desktop/task11 indv/task11-indv/robot_design/src/robot/install/setup.bash'
[1.422s] INFO:colcon.colcon_core.shell:Creating prefix script '/home/vboxuser/Desktop/task11 indv/task11-indv/robot_design/src/robot/install/local_setup.zsh'
[1.426s] INFO:colcon.colcon_core.shell:Creating prefix chain script '/home/vboxuser/Desktop/task11 indv/task11-indv/robot_design/src/robot/install/setup.zsh'
