[0.026s] Invoking command in '/home/vboxuser/robot_design/build/robot': CMAKE_PREFIX_PATH=${CMAKE_PREFIX_PATH}:/home/vboxuser/training_ws/install/maze_control:/home/vboxuser/ros2_ws/install/task7_controller:/opt/ros/jazzy DEBUGINFOD_URLS=https://debuginfod.ubuntu.com /usr/bin/cmake /home/vboxuser/robot_design/src/robot -DCMAKE_INSTALL_PREFIX=/home/vboxuser/robot_design/install/robot
[0.129s] -- Found ament_cmake: 2.5.6 (/opt/ros/jazzy/share/ament_cmake/cmake)
[0.483s] -- Override CMake install command with custom implementation using symlinks instead of copying resources
[0.515s] -- Found ament_lint_auto: 0.17.5 (/opt/ros/jazzy/share/ament_lint_auto/cmake)
[0.684s] -- Added test 'flake8' to check Python code syntax and style conventions
[0.685s] -- Configured 'flake8' exclude dirs and/or files: 
[0.686s] -- Added test 'lint_cmake' to check CMake code style
[0.687s] -- Added test 'pep257' to check Python code against some of the docstring style conventions in PEP 257
[0.689s] -- Added test 'xmllint' to check XML markup files
[0.692s] -- Configuring done (0.6s)
[0.701s] -- Generating done (0.0s)
[0.704s] -- Build files have been written to: /home/vboxuser/robot_design/build/robot
[0.708s] Invoked command in '/home/vboxuser/robot_design/build/robot' returned '0': CMAKE_PREFIX_PATH=${CMAKE_PREFIX_PATH}:/home/vboxuser/training_ws/install/maze_control:/home/vboxuser/ros2_ws/install/task7_controller:/opt/ros/jazzy DEBUGINFOD_URLS=https://debuginfod.ubuntu.com /usr/bin/cmake /home/vboxuser/robot_design/src/robot -DCMAKE_INSTALL_PREFIX=/home/vboxuser/robot_design/install/robot
[0.710s] Invoking command in '/home/vboxuser/robot_design/build/robot': CMAKE_PREFIX_PATH=${CMAKE_PREFIX_PATH}:/home/vboxuser/training_ws/install/maze_control:/home/vboxuser/ros2_ws/install/task7_controller:/opt/ros/jazzy DEBUGINFOD_URLS=https://debuginfod.ubuntu.com /usr/bin/cmake --build /home/vboxuser/robot_design/build/robot -- -j3 -l3
[0.761s] Invoked command in '/home/vboxuser/robot_design/build/robot' returned '0': CMAKE_PREFIX_PATH=${CMAKE_PREFIX_PATH}:/home/vboxuser/training_ws/install/maze_control:/home/vboxuser/ros2_ws/install/task7_controller:/opt/ros/jazzy DEBUGINFOD_URLS=https://debuginfod.ubuntu.com /usr/bin/cmake --build /home/vboxuser/robot_design/build/robot -- -j3 -l3
[0.773s] Invoking command in '/home/vboxuser/robot_design/build/robot': CMAKE_PREFIX_PATH=${CMAKE_PREFIX_PATH}:/home/vboxuser/training_ws/install/maze_control:/home/vboxuser/ros2_ws/install/task7_controller:/opt/ros/jazzy DEBUGINFOD_URLS=https://debuginfod.ubuntu.com /usr/bin/cmake --install /home/vboxuser/robot_design/build/robot
[0.783s] -- Install configuration: ""
[0.784s] -- Execute custom install script
[0.784s] -- Up-to-date symlink: /home/vboxuser/robot_design/install/robot/share/robot/launch/robot.launch.py
[0.784s] -- Up-to-date symlink: /home/vboxuser/robot_design/install/robot/share/robot/urdf/robot.xacro
[0.785s] -- Up-to-date symlink: /home/vboxuser/robot_design/install/robot/share/ament_index/resource_index/package_run_dependencies/robot
[0.785s] -- Up-to-date symlink: /home/vboxuser/robot_design/install/robot/share/ament_index/resource_index/parent_prefix_path/robot
[0.785s] -- Up-to-date symlink: /home/vboxuser/robot_design/install/robot/share/robot/environment/ament_prefix_path.sh
[0.785s] -- Up-to-date symlink: /home/vboxuser/robot_design/install/robot/share/robot/environment/ament_prefix_path.dsv
[0.785s] -- Up-to-date symlink: /home/vboxuser/robot_design/install/robot/share/robot/environment/path.sh
[0.786s] -- Up-to-date symlink: /home/vboxuser/robot_design/install/robot/share/robot/environment/path.dsv
[0.786s] -- Up-to-date symlink: /home/vboxuser/robot_design/install/robot/share/robot/local_setup.bash
[0.786s] -- Up-to-date symlink: /home/vboxuser/robot_design/install/robot/share/robot/local_setup.sh
[0.786s] -- Up-to-date symlink: /home/vboxuser/robot_design/install/robot/share/robot/local_setup.zsh
[0.786s] -- Up-to-date symlink: /home/vboxuser/robot_design/install/robot/share/robot/local_setup.dsv
[0.787s] -- Symlinking: /home/vboxuser/robot_design/install/robot/share/robot/package.dsv
[0.798s] -- Up-to-date symlink: /home/vboxuser/robot_design/install/robot/share/ament_index/resource_index/packages/robot
[0.799s] -- Up-to-date symlink: /home/vboxuser/robot_design/install/robot/share/robot/cmake/robotConfig.cmake
[0.799s] -- Up-to-date symlink: /home/vboxuser/robot_design/install/robot/share/robot/cmake/robotConfig-version.cmake
[0.799s] -- Up-to-date symlink: /home/vboxuser/robot_design/install/robot/share/robot/package.xml
[0.801s] Invoked command in '/home/vboxuser/robot_design/build/robot' returned '0': CMAKE_PREFIX_PATH=${CMAKE_PREFIX_PATH}:/home/vboxuser/training_ws/install/maze_control:/home/vboxuser/ros2_ws/install/task7_controller:/opt/ros/jazzy DEBUGINFOD_URLS=https://debuginfod.ubuntu.com /usr/bin/cmake --install /home/vboxuser/robot_design/build/robot
