[0.027s] Invoking command in '/home/vboxuser/robot_design/build/robot': CMAKE_PREFIX_PATH=${CMAKE_PREFIX_PATH}:/home/vboxuser/training_ws/install/maze_control:/home/vboxuser/ros2_ws/install/task7_controller:/opt/ros/jazzy DEBUGINFOD_URLS=https://debuginfod.ubuntu.com /usr/bin/cmake --build /home/vboxuser/robot_design/build/robot -- -j3 -l3
[0.085s] Invoked command in '/home/vboxuser/robot_design/build/robot' returned '0': CMAKE_PREFIX_PATH=${CMAKE_PREFIX_PATH}:/home/vboxuser/training_ws/install/maze_control:/home/vboxuser/ros2_ws/install/task7_controller:/opt/ros/jazzy DEBUGINFOD_URLS=https://debuginfod.ubuntu.com /usr/bin/cmake --build /home/vboxuser/robot_design/build/robot -- -j3 -l3
[0.098s] Invoking command in '/home/vboxuser/robot_design/build/robot': CMAKE_PREFIX_PATH=${CMAKE_PREFIX_PATH}:/home/vboxuser/training_ws/install/maze_control:/home/vboxuser/ros2_ws/install/task7_controller:/opt/ros/jazzy DEBUGINFOD_URLS=https://debuginfod.ubuntu.com /usr/bin/cmake --install /home/vboxuser/robot_design/build/robot
[0.112s] -- Install configuration: ""
[0.113s] -- Execute custom install script
[0.114s] -- Up-to-date symlink: /home/vboxuser/robot_design/install/robot/share/robot/launch/robot.launch.py
[0.114s] -- Up-to-date symlink: /home/vboxuser/robot_design/install/robot/share/robot/urdf/robot.xacro
[0.114s] -- Up-to-date symlink: /home/vboxuser/robot_design/install/robot/share/ament_index/resource_index/package_run_dependencies/robot
[0.114s] -- Up-to-date symlink: /home/vboxuser/robot_design/install/robot/share/ament_index/resource_index/parent_prefix_path/robot
[0.115s] -- Up-to-date symlink: /home/vboxuser/robot_design/install/robot/share/robot/environment/ament_prefix_path.sh
[0.115s] -- Up-to-date symlink: /home/vboxuser/robot_design/install/robot/share/robot/environment/ament_prefix_path.dsv
[0.115s] -- Up-to-date symlink: /home/vboxuser/robot_design/install/robot/share/robot/environment/path.sh
[0.115s] -- Up-to-date symlink: /home/vboxuser/robot_design/install/robot/share/robot/environment/path.dsv
[0.115s] -- Up-to-date symlink: /home/vboxuser/robot_design/install/robot/share/robot/local_setup.bash
[0.116s] -- Up-to-date symlink: /home/vboxuser/robot_design/install/robot/share/robot/local_setup.sh
[0.116s] -- Up-to-date symlink: /home/vboxuser/robot_design/install/robot/share/robot/local_setup.zsh
[0.116s] -- Up-to-date symlink: /home/vboxuser/robot_design/install/robot/share/robot/local_setup.dsv
[0.116s] -- Symlinking: /home/vboxuser/robot_design/install/robot/share/robot/package.dsv
[0.127s] -- Up-to-date symlink: /home/vboxuser/robot_design/install/robot/share/ament_index/resource_index/packages/robot
[0.128s] -- Up-to-date symlink: /home/vboxuser/robot_design/install/robot/share/robot/cmake/robotConfig.cmake
[0.128s] -- Up-to-date symlink: /home/vboxuser/robot_design/install/robot/share/robot/cmake/robotConfig-version.cmake
[0.128s] -- Up-to-date symlink: /home/vboxuser/robot_design/install/robot/share/robot/package.xml
[0.132s] Invoked command in '/home/vboxuser/robot_design/build/robot' returned '0': CMAKE_PREFIX_PATH=${CMAKE_PREFIX_PATH}:/home/vboxuser/training_ws/install/maze_control:/home/vboxuser/ros2_ws/install/task7_controller:/opt/ros/jazzy DEBUGINFOD_URLS=https://debuginfod.ubuntu.com /usr/bin/cmake --install /home/vboxuser/robot_design/build/robot
