[0.033s] Invoking command in '/home/vboxuser/robot_design/build/mia_robot': CMAKE_PREFIX_PATH=${CMAKE_PREFIX_PATH}:/home/vboxuser/training_ws/install/maze_control:/home/vboxuser/ros2_ws/install/task7_controller:/opt/ros/jazzy DEBUGINFOD_URLS=https://debuginfod.ubuntu.com /usr/bin/cmake --build /home/vboxuser/robot_design/build/mia_robot -- -j3 -l3
[0.087s] Invoked command in '/home/vboxuser/robot_design/build/mia_robot' returned '0': CMAKE_PREFIX_PATH=${CMAKE_PREFIX_PATH}:/home/vboxuser/training_ws/install/maze_control:/home/vboxuser/ros2_ws/install/task7_controller:/opt/ros/jazzy DEBUGINFOD_URLS=https://debuginfod.ubuntu.com /usr/bin/cmake --build /home/vboxuser/robot_design/build/mia_robot -- -j3 -l3
[0.100s] Invoking command in '/home/vboxuser/robot_design/build/mia_robot': CMAKE_PREFIX_PATH=${CMAKE_PREFIX_PATH}:/home/vboxuser/training_ws/install/maze_control:/home/vboxuser/ros2_ws/install/task7_controller:/opt/ros/jazzy DEBUGINFOD_URLS=https://debuginfod.ubuntu.com /usr/bin/cmake --install /home/vboxuser/robot_design/build/mia_robot
[0.116s] -- Install configuration: ""
[0.117s] -- Up-to-date: /home/vboxuser/robot_design/install/mia_robot/share/ament_index/resource_index/package_run_dependencies/mia_robot
[0.117s] -- Up-to-date: /home/vboxuser/robot_design/install/mia_robot/share/ament_index/resource_index/parent_prefix_path/mia_robot
[0.117s] -- Up-to-date: /home/vboxuser/robot_design/install/mia_robot/share/mia_robot/environment/ament_prefix_path.sh
[0.118s] -- Up-to-date: /home/vboxuser/robot_design/install/mia_robot/share/mia_robot/environment/ament_prefix_path.dsv
[0.118s] -- Up-to-date: /home/vboxuser/robot_design/install/mia_robot/share/mia_robot/environment/path.sh
[0.118s] -- Up-to-date: /home/vboxuser/robot_design/install/mia_robot/share/mia_robot/environment/path.dsv
[0.119s] -- Up-to-date: /home/vboxuser/robot_design/install/mia_robot/share/mia_robot/local_setup.bash
[0.119s] -- Up-to-date: /home/vboxuser/robot_design/install/mia_robot/share/mia_robot/local_setup.sh
[0.119s] -- Up-to-date: /home/vboxuser/robot_design/install/mia_robot/share/mia_robot/local_setup.zsh
[0.119s] -- Up-to-date: /home/vboxuser/robot_design/install/mia_robot/share/mia_robot/local_setup.dsv
[0.119s] -- Up-to-date: /home/vboxuser/robot_design/install/mia_robot/share/mia_robot/package.dsv
[0.119s] -- Up-to-date: /home/vboxuser/robot_design/install/mia_robot/share/ament_index/resource_index/packages/mia_robot
[0.119s] -- Up-to-date: /home/vboxuser/robot_design/install/mia_robot/share/mia_robot/cmake/mia_robotConfig.cmake
[0.119s] -- Up-to-date: /home/vboxuser/robot_design/install/mia_robot/share/mia_robot/cmake/mia_robotConfig-version.cmake
[0.119s] -- Up-to-date: /home/vboxuser/robot_design/install/mia_robot/share/mia_robot/package.xml
[0.121s] Invoked command in '/home/vboxuser/robot_design/build/mia_robot' returned '0': CMAKE_PREFIX_PATH=${CMAKE_PREFIX_PATH}:/home/vboxuser/training_ws/install/maze_control:/home/vboxuser/ros2_ws/install/task7_controller:/opt/ros/jazzy DEBUGINFOD_URLS=https://debuginfod.ubuntu.com /usr/bin/cmake --install /home/vboxuser/robot_design/build/mia_robot
