[0.030s] Invoking command in '/home/vboxuser/robot_design/build/mia_robot': CMAKE_PREFIX_PATH=${CMAKE_PREFIX_PATH}:/home/vboxuser/training_ws/install/maze_control:/home/vboxuser/ros2_ws/install/task7_controller:/opt/ros/jazzy DEBUGINFOD_URLS=https://debuginfod.ubuntu.com /usr/bin/cmake /home/vboxuser/robot_design/mia_robot -DCMAKE_INSTALL_PREFIX=/home/vboxuser/robot_design/install/mia_robot
[0.349s] -- The C compiler identification is GNU 13.3.0
[0.556s] -- The CXX compiler identification is GNU 13.3.0
[0.590s] -- Detecting C compiler ABI info
[0.744s] -- Detecting C compiler ABI info - done
[0.760s] -- Check for working C compiler: /usr/bin/cc - skipped
[0.761s] -- Detecting C compile features
[0.762s] -- Detecting C compile features - done
[0.776s] -- Detecting CXX compiler ABI info
[0.898s] -- Detecting CXX compiler ABI info - done
[0.915s] -- Check for working CXX compiler: /usr/bin/c++ - skipped
[0.915s] -- Detecting CXX compile features
[0.916s] -- Detecting CXX compile features - done
[0.933s] -- Found ament_cmake: 2.5.6 (/opt/ros/jazzy/share/ament_cmake/cmake)
[1.150s] -- Found Python3: /usr/bin/python3 (found version "3.12.3") found components: Interpreter 
[1.385s] -- Found ament_lint_auto: 0.17.5 (/opt/ros/jazzy/share/ament_lint_auto/cmake)
[1.582s] -- Added test 'lint_cmake' to check CMake code style
[1.584s] -- Added test 'xmllint' to check XML markup files
[1.588s] -- Configuring done (1.5s)
[1.591s] -- Generating done (0.0s)
[1.593s] -- Build files have been written to: /home/vboxuser/robot_design/build/mia_robot
[1.600s] Invoked command in '/home/vboxuser/robot_design/build/mia_robot' returned '0': CMAKE_PREFIX_PATH=${CMAKE_PREFIX_PATH}:/home/vboxuser/training_ws/install/maze_control:/home/vboxuser/ros2_ws/install/task7_controller:/opt/ros/jazzy DEBUGINFOD_URLS=https://debuginfod.ubuntu.com /usr/bin/cmake /home/vboxuser/robot_design/mia_robot -DCMAKE_INSTALL_PREFIX=/home/vboxuser/robot_design/install/mia_robot
[1.602s] Invoking command in '/home/vboxuser/robot_design/build/mia_robot': CMAKE_PREFIX_PATH=${CMAKE_PREFIX_PATH}:/home/vboxuser/training_ws/install/maze_control:/home/vboxuser/ros2_ws/install/task7_controller:/opt/ros/jazzy DEBUGINFOD_URLS=https://debuginfod.ubuntu.com /usr/bin/cmake --build /home/vboxuser/robot_design/build/mia_robot -- -j3 -l3
[1.648s] Invoked command in '/home/vboxuser/robot_design/build/mia_robot' returned '0': CMAKE_PREFIX_PATH=${CMAKE_PREFIX_PATH}:/home/vboxuser/training_ws/install/maze_control:/home/vboxuser/ros2_ws/install/task7_controller:/opt/ros/jazzy DEBUGINFOD_URLS=https://debuginfod.ubuntu.com /usr/bin/cmake --build /home/vboxuser/robot_design/build/mia_robot -- -j3 -l3
[1.662s] Invoking command in '/home/vboxuser/robot_design/build/mia_robot': CMAKE_PREFIX_PATH=${CMAKE_PREFIX_PATH}:/home/vboxuser/training_ws/install/maze_control:/home/vboxuser/ros2_ws/install/task7_controller:/opt/ros/jazzy DEBUGINFOD_URLS=https://debuginfod.ubuntu.com /usr/bin/cmake --install /home/vboxuser/robot_design/build/mia_robot
[1.671s] -- Install configuration: ""
[1.672s] -- Installing: /home/vboxuser/robot_design/install/mia_robot/share/ament_index/resource_index/package_run_dependencies/mia_robot
[1.672s] -- Installing: /home/vboxuser/robot_design/install/mia_robot/share/ament_index/resource_index/parent_prefix_path/mia_robot
[1.672s] -- Installing: /home/vboxuser/robot_design/install/mia_robot/share/mia_robot/environment/ament_prefix_path.sh
[1.672s] -- Installing: /home/vboxuser/robot_design/install/mia_robot/share/mia_robot/environment/ament_prefix_path.dsv
[1.673s] -- Installing: /home/vboxuser/robot_design/install/mia_robot/share/mia_robot/environment/path.sh
[1.673s] -- Installing: /home/vboxuser/robot_design/install/mia_robot/share/mia_robot/environment/path.dsv
[1.673s] -- Installing: /home/vboxuser/robot_design/install/mia_robot/share/mia_robot/local_setup.bash
[1.673s] -- Installing: /home/vboxuser/robot_design/install/mia_robot/share/mia_robot/local_setup.sh
[1.674s] -- Installing: /home/vboxuser/robot_design/install/mia_robot/share/mia_robot/local_setup.zsh
[1.674s] -- Installing: /home/vboxuser/robot_design/install/mia_robot/share/mia_robot/local_setup.dsv
[1.674s] -- Installing: /home/vboxuser/robot_design/install/mia_robot/share/mia_robot/package.dsv
[1.674s] -- Installing: /home/vboxuser/robot_design/install/mia_robot/share/ament_index/resource_index/packages/mia_robot
[1.674s] -- Installing: /home/vboxuser/robot_design/install/mia_robot/share/mia_robot/cmake/mia_robotConfig.cmake
[1.674s] -- Installing: /home/vboxuser/robot_design/install/mia_robot/share/mia_robot/cmake/mia_robotConfig-version.cmake
[1.675s] -- Installing: /home/vboxuser/robot_design/install/mia_robot/share/mia_robot/package.xml
[1.676s] Invoked command in '/home/vboxuser/robot_design/build/mia_robot' returned '0': CMAKE_PREFIX_PATH=${CMAKE_PREFIX_PATH}:/home/vboxuser/training_ws/install/maze_control:/home/vboxuser/ros2_ws/install/task7_controller:/opt/ros/jazzy DEBUGINFOD_URLS=https://debuginfod.ubuntu.com /usr/bin/cmake --install /home/vboxuser/robot_design/build/mia_robot
