[0.024s] Invoking command in '/home/vboxuser/robot_design/build/robot': CMAKE_PREFIX_PATH=${CMAKE_PREFIX_PATH}:/home/vboxuser/training_ws/install/maze_control:/home/vboxuser/ros2_ws/install/task7_controller:/opt/ros/jazzy DEBUGINFOD_URLS=https://debuginfod.ubuntu.com /usr/bin/cmake /home/vboxuser/robot_design/src/robot -DCMAKE_INSTALL_PREFIX=/home/vboxuser/robot_design/install/robot
[0.138s] -- The C compiler identification is GNU 13.3.0
[0.232s] -- The CXX compiler identification is GNU 13.3.0
[0.259s] -- Detecting C compiler ABI info
[0.393s] -- Detecting C compiler ABI info - done
[0.409s] -- Check for working C compiler: /usr/bin/cc - skipped
[0.410s] -- Detecting C compile features
[0.412s] -- Detecting C compile features - done
[0.425s] -- Detecting CXX compiler ABI info
[0.557s] -- Detecting CXX compiler ABI info - done
[0.574s] -- Check for working CXX compiler: /usr/bin/c++ - skipped
[0.574s] -- Detecting CXX compile features
[0.575s] -- Detecting CXX compile features - done
[0.622s] -- Found ament_cmake: 2.5.6 (/opt/ros/jazzy/share/ament_cmake/cmake)
[0.857s] -- Found Python3: /usr/bin/python3 (found version "3.12.3") found components: Interpreter 
[1.052s] -- Found ament_lint_auto: 0.17.5 (/opt/ros/jazzy/share/ament_lint_auto/cmake)
[1.235s] -- Added test 'lint_cmake' to check CMake code style
[1.238s] -- Added test 'xmllint' to check XML markup files
[1.241s] -- Configuring done (1.2s)
[1.244s] -- Generating done (0.0s)
[1.247s] -- Build files have been written to: /home/vboxuser/robot_design/build/robot
[1.253s] Invoked command in '/home/vboxuser/robot_design/build/robot' returned '0': CMAKE_PREFIX_PATH=${CMAKE_PREFIX_PATH}:/home/vboxuser/training_ws/install/maze_control:/home/vboxuser/ros2_ws/install/task7_controller:/opt/ros/jazzy DEBUGINFOD_URLS=https://debuginfod.ubuntu.com /usr/bin/cmake /home/vboxuser/robot_design/src/robot -DCMAKE_INSTALL_PREFIX=/home/vboxuser/robot_design/install/robot
[1.255s] Invoking command in '/home/vboxuser/robot_design/build/robot': CMAKE_PREFIX_PATH=${CMAKE_PREFIX_PATH}:/home/vboxuser/training_ws/install/maze_control:/home/vboxuser/ros2_ws/install/task7_controller:/opt/ros/jazzy DEBUGINFOD_URLS=https://debuginfod.ubuntu.com /usr/bin/cmake --build /home/vboxuser/robot_design/build/robot -- -j3 -l3
[1.305s] Invoked command in '/home/vboxuser/robot_design/build/robot' returned '0': CMAKE_PREFIX_PATH=${CMAKE_PREFIX_PATH}:/home/vboxuser/training_ws/install/maze_control:/home/vboxuser/ros2_ws/install/task7_controller:/opt/ros/jazzy DEBUGINFOD_URLS=https://debuginfod.ubuntu.com /usr/bin/cmake --build /home/vboxuser/robot_design/build/robot -- -j3 -l3
[1.306s] Invoking command in '/home/vboxuser/robot_design/build/robot': CMAKE_PREFIX_PATH=${CMAKE_PREFIX_PATH}:/home/vboxuser/training_ws/install/maze_control:/home/vboxuser/ros2_ws/install/task7_controller:/opt/ros/jazzy DEBUGINFOD_URLS=https://debuginfod.ubuntu.com /usr/bin/cmake --install /home/vboxuser/robot_design/build/robot
[1.314s] -- Install configuration: ""
[1.315s] -- Installing: /home/vboxuser/robot_design/install/robot/share/ament_index/resource_index/package_run_dependencies/robot
[1.315s] -- Installing: /home/vboxuser/robot_design/install/robot/share/ament_index/resource_index/parent_prefix_path/robot
[1.315s] -- Installing: /home/vboxuser/robot_design/install/robot/share/robot/environment/ament_prefix_path.sh
[1.315s] -- Installing: /home/vboxuser/robot_design/install/robot/share/robot/environment/ament_prefix_path.dsv
[1.316s] -- Installing: /home/vboxuser/robot_design/install/robot/share/robot/environment/path.sh
[1.316s] -- Installing: /home/vboxuser/robot_design/install/robot/share/robot/environment/path.dsv
[1.316s] -- Installing: /home/vboxuser/robot_design/install/robot/share/robot/local_setup.bash
[1.316s] -- Installing: /home/vboxuser/robot_design/install/robot/share/robot/local_setup.sh
[1.316s] -- Installing: /home/vboxuser/robot_design/install/robot/share/robot/local_setup.zsh
[1.316s] -- Installing: /home/vboxuser/robot_design/install/robot/share/robot/local_setup.dsv
[1.316s] -- Installing: /home/vboxuser/robot_design/install/robot/share/robot/package.dsv
[1.316s] -- Installing: /home/vboxuser/robot_design/install/robot/share/ament_index/resource_index/packages/robot
[1.316s] -- Installing: /home/vboxuser/robot_design/install/robot/share/robot/cmake/robotConfig.cmake
[1.317s] -- Installing: /home/vboxuser/robot_design/install/robot/share/robot/cmake/robotConfig-version.cmake
[1.317s] -- Installing: /home/vboxuser/robot_design/install/robot/share/robot/package.xml
[1.319s] Invoked command in '/home/vboxuser/robot_design/build/robot' returned '0': CMAKE_PREFIX_PATH=${CMAKE_PREFIX_PATH}:/home/vboxuser/training_ws/install/maze_control:/home/vboxuser/ros2_ws/install/task7_controller:/opt/ros/jazzy DEBUGINFOD_URLS=https://debuginfod.ubuntu.com /usr/bin/cmake --install /home/vboxuser/robot_design/build/robot
