[0.018s] Invoking command in '/home/vboxuser/robot_design/src/build/robot': CMAKE_PREFIX_PATH=${CMAKE_PREFIX_PATH}:/home/vboxuser/training_ws/install/maze_control:/home/vboxuser/ros2_ws/install/task7_controller:/opt/ros/jazzy DEBUGINFOD_URLS=https://debuginfod.ubuntu.com /usr/bin/cmake /home/vboxuser/robot_design/src/robot -DCMAKE_INSTALL_PREFIX=/home/vboxuser/robot_design/src/install/robot
[0.087s] -- The C compiler identification is GNU 13.3.0
[0.162s] -- The CXX compiler identification is GNU 13.3.0
[0.182s] -- Detecting C compiler ABI info
[0.288s] -- Detecting C compiler ABI info - done
[0.303s] -- Check for working C compiler: /usr/bin/cc - skipped
[0.303s] -- Detecting C compile features
[0.304s] -- Detecting C compile features - done
[0.315s] -- Detecting CXX compiler ABI info
[0.433s] -- Detecting CXX compiler ABI info - done
[0.448s] -- Check for working CXX compiler: /usr/bin/c++ - skipped
[0.449s] -- Detecting CXX compile features
[0.449s] -- Detecting CXX compile features - done
[0.455s] -- Found ament_cmake: 2.5.6 (/opt/ros/jazzy/share/ament_cmake/cmake)
[0.647s] -- Found Python3: /usr/bin/python3 (found version "3.12.3") found components: Interpreter 
[0.807s] -- Found ament_lint_auto: 0.17.5 (/opt/ros/jazzy/share/ament_lint_auto/cmake)
[0.990s] -- Added test 'lint_cmake' to check CMake code style
[0.991s] -- Added test 'xmllint' to check XML markup files
[0.994s] -- Configuring done (1.0s)
[0.997s] -- Generating done (0.0s)
[1.000s] -- Build files have been written to: /home/vboxuser/robot_design/src/build/robot
[1.007s] Invoked command in '/home/vboxuser/robot_design/src/build/robot' returned '0': CMAKE_PREFIX_PATH=${CMAKE_PREFIX_PATH}:/home/vboxuser/training_ws/install/maze_control:/home/vboxuser/ros2_ws/install/task7_controller:/opt/ros/jazzy DEBUGINFOD_URLS=https://debuginfod.ubuntu.com /usr/bin/cmake /home/vboxuser/robot_design/src/robot -DCMAKE_INSTALL_PREFIX=/home/vboxuser/robot_design/src/install/robot
[1.009s] Invoking command in '/home/vboxuser/robot_design/src/build/robot': CMAKE_PREFIX_PATH=${CMAKE_PREFIX_PATH}:/home/vboxuser/training_ws/install/maze_control:/home/vboxuser/ros2_ws/install/task7_controller:/opt/ros/jazzy DEBUGINFOD_URLS=https://debuginfod.ubuntu.com /usr/bin/cmake --build /home/vboxuser/robot_design/src/build/robot -- -j3 -l3
[1.057s] Invoked command in '/home/vboxuser/robot_design/src/build/robot' returned '0': CMAKE_PREFIX_PATH=${CMAKE_PREFIX_PATH}:/home/vboxuser/training_ws/install/maze_control:/home/vboxuser/ros2_ws/install/task7_controller:/opt/ros/jazzy DEBUGINFOD_URLS=https://debuginfod.ubuntu.com /usr/bin/cmake --build /home/vboxuser/robot_design/src/build/robot -- -j3 -l3
[1.069s] Invoking command in '/home/vboxuser/robot_design/src/build/robot': CMAKE_PREFIX_PATH=${CMAKE_PREFIX_PATH}:/home/vboxuser/training_ws/install/maze_control:/home/vboxuser/ros2_ws/install/task7_controller:/opt/ros/jazzy DEBUGINFOD_URLS=https://debuginfod.ubuntu.com /usr/bin/cmake --install /home/vboxuser/robot_design/src/build/robot
[1.078s] -- Install configuration: ""
[1.078s] -- Installing: /home/vboxuser/robot_design/src/install/robot/share/ament_index/resource_index/package_run_dependencies/robot
[1.078s] -- Installing: /home/vboxuser/robot_design/src/install/robot/share/ament_index/resource_index/parent_prefix_path/robot
[1.078s] -- Installing: /home/vboxuser/robot_design/src/install/robot/share/robot/environment/ament_prefix_path.sh
[1.078s] -- Installing: /home/vboxuser/robot_design/src/install/robot/share/robot/environment/ament_prefix_path.dsv
[1.079s] -- Installing: /home/vboxuser/robot_design/src/install/robot/share/robot/environment/path.sh
[1.079s] -- Installing: /home/vboxuser/robot_design/src/install/robot/share/robot/environment/path.dsv
[1.079s] -- Installing: /home/vboxuser/robot_design/src/install/robot/share/robot/local_setup.bash
[1.079s] -- Installing: /home/vboxuser/robot_design/src/install/robot/share/robot/local_setup.sh
[1.079s] -- Installing: /home/vboxuser/robot_design/src/install/robot/share/robot/local_setup.zsh
[1.080s] -- Installing: /home/vboxuser/robot_design/src/install/robot/share/robot/local_setup.dsv
[1.080s] -- Installing: /home/vboxuser/robot_design/src/install/robot/share/robot/package.dsv
[1.080s] -- Installing: /home/vboxuser/robot_design/src/install/robot/share/ament_index/resource_index/packages/robot
[1.080s] -- Installing: /home/vboxuser/robot_design/src/install/robot/share/robot/cmake/robotConfig.cmake
[1.080s] -- Installing: /home/vboxuser/robot_design/src/install/robot/share/robot/cmake/robotConfig-version.cmake
[1.080s] -- Installing: /home/vboxuser/robot_design/src/install/robot/share/robot/package.xml
[1.082s] Invoked command in '/home/vboxuser/robot_design/src/build/robot' returned '0': CMAKE_PREFIX_PATH=${CMAKE_PREFIX_PATH}:/home/vboxuser/training_ws/install/maze_control:/home/vboxuser/ros2_ws/install/task7_controller:/opt/ros/jazzy DEBUGINFOD_URLS=https://debuginfod.ubuntu.com /usr/bin/cmake --install /home/vboxuser/robot_design/src/build/robot
