[0.304s] DEBUG:colcon:Command line arguments: ['/usr/bin/colcon', 'build']
[0.304s] DEBUG:colcon:Parsed command line arguments: Namespace(log_base=None, log_level=None, verb_name='build', build_base='build', install_base='install', merge_install=False, symlink_install=False, test_result_base=None, continue_on_error=False, executor='parallel', parallel_workers=3, event_handlers=None, ignore_user_meta=False, metas=['./colcon.meta'], base_paths=['.'], packages_ignore=None, packages_ignore_regex=None, paths=None, packages_up_to=None, packages_up_to_regex=None, packages_above=None, packages_above_and_dependencies=None, packages_above_depth=None, packages_select_by_dep=None, packages_skip_by_dep=None, packages_skip_up_to=None, packages_select_build_failed=False, packages_skip_build_finished=False, packages_select_test_failures=False, packages_skip_test_passed=False, packages_select=None, packages_skip=None, packages_select_regex=None, packages_skip_regex=None, packages_start=None, packages_end=None, allow_overriding=[], cmake_args=None, cmake_target=None, cmake_target_skip_unavailable=False, cmake_clean_cache=False, cmake_clean_first=False, cmake_force_configure=False, ament_cmake_args=None, catkin_cmake_args=None, catkin_skip_building_tests=False, mixin_files=None, mixin=None, verb_parser=<colcon_mixin.mixin.mixin_argument.MixinArgumentDecorator object at 0x742422483530>, verb_extension=<colcon_core.verb.build.BuildVerb object at 0x7424224831d0>, main=<bound method BuildVerb.main of <colcon_core.verb.build.BuildVerb object at 0x7424224831d0>>, mixin_verb=('build',))
[0.417s] Level 1:colcon.colcon_core.package_discovery:discover_packages(colcon_meta) check parameters
[0.417s] Level 1:colcon.colcon_core.package_discovery:discover_packages(recursive) check parameters
[0.417s] Level 1:colcon.colcon_core.package_discovery:discover_packages(ignore) check parameters
[0.417s] Level 1:colcon.colcon_core.package_discovery:discover_packages(path) check parameters
[0.417s] Level 1:colcon.colcon_core.package_discovery:discover_packages(colcon_meta) discover
[0.417s] Level 1:colcon.colcon_core.package_discovery:discover_packages(recursive) discover
[0.418s] INFO:colcon.colcon_core.package_discovery:Crawling recursively for packages in '/home/vboxuser/Desktop/task11 indv/task11-indv/robot_design/src'
[0.418s] Level 1:colcon.colcon_core.package_identification:_identify(.) by extensions ['ignore', 'ignore_ament_install']
[0.418s] Level 1:colcon.colcon_core.package_identification:_identify(.) by extension 'ignore'
[0.418s] Level 1:colcon.colcon_core.package_identification:_identify(.) by extension 'ignore_ament_install'
[0.418s] Level 1:colcon.colcon_core.package_identification:_identify(.) by extensions ['colcon_pkg']
[0.418s] Level 1:colcon.colcon_core.package_identification:_identify(.) by extension 'colcon_pkg'
[0.418s] Level 1:colcon.colcon_core.package_identification:_identify(.) by extensions ['colcon_meta']
[0.419s] Level 1:colcon.colcon_core.package_identification:_identify(.) by extension 'colcon_meta'
[0.419s] Level 1:colcon.colcon_core.package_identification:_identify(.) by extensions ['ros']
[0.419s] Level 1:colcon.colcon_core.package_identification:_identify(.) by extension 'ros'
[0.463s] Level 1:colcon.colcon_core.package_identification:_identify(.) by extensions ['cmake', 'python']
[0.463s] Level 1:colcon.colcon_core.package_identification:_identify(.) by extension 'cmake'
[0.463s] Level 1:colcon.colcon_core.package_identification:_identify(.) by extension 'python'
[0.463s] Level 1:colcon.colcon_core.package_identification:_identify(.) by extensions ['python_setup_py']
[0.463s] Level 1:colcon.colcon_core.package_identification:_identify(.) by extension 'python_setup_py'
[0.463s] Level 1:colcon.colcon_core.package_identification:_identify(build) by extensions ['ignore', 'ignore_ament_install']
[0.463s] Level 1:colcon.colcon_core.package_identification:_identify(build) by extension 'ignore'
[0.464s] Level 1:colcon.colcon_core.package_identification:_identify(build) ignored
[0.464s] Level 1:colcon.colcon_core.package_identification:_identify(install) by extensions ['ignore', 'ignore_ament_install']
[0.464s] Level 1:colcon.colcon_core.package_identification:_identify(install) by extension 'ignore'
[0.464s] Level 1:colcon.colcon_core.package_identification:_identify(install) ignored
[0.464s] Level 1:colcon.colcon_core.package_identification:_identify(log) by extensions ['ignore', 'ignore_ament_install']
[0.464s] Level 1:colcon.colcon_core.package_identification:_identify(log) by extension 'ignore'
[0.464s] Level 1:colcon.colcon_core.package_identification:_identify(log) ignored
[0.464s] Level 1:colcon.colcon_core.package_identification:_identify(robot) by extensions ['ignore', 'ignore_ament_install']
[0.464s] Level 1:colcon.colcon_core.package_identification:_identify(robot) by extension 'ignore'
[0.465s] Level 1:colcon.colcon_core.package_identification:_identify(robot) by extension 'ignore_ament_install'
[0.465s] Level 1:colcon.colcon_core.package_identification:_identify(robot) by extensions ['colcon_pkg']
[0.465s] Level 1:colcon.colcon_core.package_identification:_identify(robot) by extension 'colcon_pkg'
[0.465s] Level 1:colcon.colcon_core.package_identification:_identify(robot) by extensions ['colcon_meta']
[0.465s] Level 1:colcon.colcon_core.package_identification:_identify(robot) by extension 'colcon_meta'
[0.465s] Level 1:colcon.colcon_core.package_identification:_identify(robot) by extensions ['ros']
[0.465s] Level 1:colcon.colcon_core.package_identification:_identify(robot) by extension 'ros'
[0.469s] DEBUG:colcon.colcon_core.package_identification:Package 'robot' with type 'ros.ament_cmake' and name 'robot'
[0.469s] Level 1:colcon.colcon_core.package_discovery:discover_packages(recursive) using defaults
[0.469s] Level 1:colcon.colcon_core.package_discovery:discover_packages(ignore) discover
[0.469s] Level 1:colcon.colcon_core.package_discovery:discover_packages(ignore) using defaults
[0.469s] Level 1:colcon.colcon_core.package_discovery:discover_packages(path) discover
[0.469s] Level 1:colcon.colcon_core.package_discovery:discover_packages(path) using defaults
[0.517s] Level 1:colcon.colcon_core.package_discovery:discover_packages(prefix_path) check parameters
[0.517s] Level 1:colcon.colcon_core.package_discovery:discover_packages(prefix_path) discover
[0.524s] DEBUG:colcon.colcon_installed_package_information.package_discovery:Found 1 installed packages in /home/vboxuser/training_ws/install
[0.525s] DEBUG:colcon.colcon_installed_package_information.package_discovery:Found 1 installed packages in /home/vboxuser/ros2_ws/install
[0.528s] DEBUG:colcon.colcon_installed_package_information.package_discovery:Found 347 installed packages in /opt/ros/jazzy
[0.531s] Level 1:colcon.colcon_core.package_discovery:discover_packages(prefix_path) using defaults
[0.607s] Level 5:colcon.colcon_core.verb:set package 'robot' build argument 'cmake_args' from command line to 'None'
[0.607s] Level 5:colcon.colcon_core.verb:set package 'robot' build argument 'cmake_target' from command line to 'None'
[0.607s] Level 5:colcon.colcon_core.verb:set package 'robot' build argument 'cmake_target_skip_unavailable' from command line to 'False'
[0.607s] Level 5:colcon.colcon_core.verb:set package 'robot' build argument 'cmake_clean_cache' from command line to 'False'
[0.607s] Level 5:colcon.colcon_core.verb:set package 'robot' build argument 'cmake_clean_first' from command line to 'False'
[0.607s] Level 5:colcon.colcon_core.verb:set package 'robot' build argument 'cmake_force_configure' from command line to 'False'
[0.607s] Level 5:colcon.colcon_core.verb:set package 'robot' build argument 'ament_cmake_args' from command line to 'None'
[0.608s] Level 5:colcon.colcon_core.verb:set package 'robot' build argument 'catkin_cmake_args' from command line to 'None'
[0.608s] Level 5:colcon.colcon_core.verb:set package 'robot' build argument 'catkin_skip_building_tests' from command line to 'False'
[0.608s] DEBUG:colcon.colcon_core.verb:Building package 'robot' with the following arguments: {'ament_cmake_args': None, 'build_base': '/home/vboxuser/Desktop/task11 indv/task11-indv/robot_design/src/build/robot', 'catkin_cmake_args': None, 'catkin_skip_building_tests': False, 'cmake_args': None, 'cmake_clean_cache': False, 'cmake_clean_first': False, 'cmake_force_configure': False, 'cmake_target': None, 'cmake_target_skip_unavailable': False, 'install_base': '/home/vboxuser/Desktop/task11 indv/task11-indv/robot_design/src/install/robot', 'merge_install': False, 'path': '/home/vboxuser/Desktop/task11 indv/task11-indv/robot_design/src/robot', 'symlink_install': False, 'test_result_base': None}
[0.608s] INFO:colcon.colcon_core.executor:Executing jobs using 'parallel' executor
[0.609s] DEBUG:colcon.colcon_parallel_executor.executor.parallel:run_until_complete
[0.610s] INFO:colcon.colcon_ros.task.ament_cmake.build:Building ROS package in '/home/vboxuser/Desktop/task11 indv/task11-indv/robot_design/src/robot' with build type 'ament_cmake'
[0.610s] INFO:colcon.colcon_cmake.task.cmake.build:Building CMake package in '/home/vboxuser/Desktop/task11 indv/task11-indv/robot_design/src/robot'
[0.631s] INFO:colcon.colcon_core.plugin_system:Skipping extension 'colcon_core.shell.bat': Not used on non-Windows systems
[0.632s] INFO:colcon.colcon_core.shell:Skip shell extension 'powershell' for command environment: Not usable outside of PowerShell
[0.632s] DEBUG:colcon.colcon_core.shell:Skip shell extension 'dsv' for command environment
[0.648s] DEBUG:colcon.colcon_core.event_handler.log_command:Invoking command in '/home/vboxuser/Desktop/task11 indv/task11-indv/robot_design/src/build/robot': CMAKE_PREFIX_PATH=${CMAKE_PREFIX_PATH}:/home/vboxuser/training_ws/install/maze_control:/home/vboxuser/ros2_ws/install/task7_controller:/opt/ros/jazzy DEBUGINFOD_URLS=https://debuginfod.ubuntu.com /usr/bin/cmake --build /home/vboxuser/Desktop/task11 indv/task11-indv/robot_design/src/build/robot -- -j3 -l3
[1.380s] DEBUG:colcon.colcon_core.event_handler.log_command:Invoked command in '/home/vboxuser/Desktop/task11 indv/task11-indv/robot_design/src/build/robot' returned '0': CMAKE_PREFIX_PATH=${CMAKE_PREFIX_PATH}:/home/vboxuser/training_ws/install/maze_control:/home/vboxuser/ros2_ws/install/task7_controller:/opt/ros/jazzy DEBUGINFOD_URLS=https://debuginfod.ubuntu.com /usr/bin/cmake --build /home/vboxuser/Desktop/task11 indv/task11-indv/robot_design/src/build/robot -- -j3 -l3
[1.393s] DEBUG:colcon.colcon_core.event_handler.log_command:Invoking command in '/home/vboxuser/Desktop/task11 indv/task11-indv/robot_design/src/build/robot': CMAKE_PREFIX_PATH=${CMAKE_PREFIX_PATH}:/home/vboxuser/training_ws/install/maze_control:/home/vboxuser/ros2_ws/install/task7_controller:/opt/ros/jazzy DEBUGINFOD_URLS=https://debuginfod.ubuntu.com /usr/bin/cmake --install /home/vboxuser/Desktop/task11 indv/task11-indv/robot_design/src/build/robot
[1.412s] Level 1:colcon.colcon_core.environment:create_environment_scripts_only(robot)
[1.413s] DEBUG:colcon.colcon_core.event_handler.log_command:Invoked command in '/home/vboxuser/Desktop/task11 indv/task11-indv/robot_design/src/build/robot' returned '0': CMAKE_PREFIX_PATH=${CMAKE_PREFIX_PATH}:/home/vboxuser/training_ws/install/maze_control:/home/vboxuser/ros2_ws/install/task7_controller:/opt/ros/jazzy DEBUGINFOD_URLS=https://debuginfod.ubuntu.com /usr/bin/cmake --install /home/vboxuser/Desktop/task11 indv/task11-indv/robot_design/src/build/robot
[1.426s] Level 1:colcon.colcon_core.environment:checking '/home/vboxuser/Desktop/task11 indv/task11-indv/robot_design/src/install/robot' for CMake module files
[1.429s] Level 1:colcon.colcon_core.environment:checking '/home/vboxuser/Desktop/task11 indv/task11-indv/robot_design/src/install/robot' for CMake config files
[1.434s] Level 1:colcon.colcon_core.shell:create_environment_hook('robot', 'cmake_prefix_path')
[1.435s] INFO:colcon.colcon_core.shell:Creating environment hook '/home/vboxuser/Desktop/task11 indv/task11-indv/robot_design/src/install/robot/share/robot/hook/cmake_prefix_path.ps1'
[1.438s] INFO:colcon.colcon_core.shell:Creating environment descriptor '/home/vboxuser/Desktop/task11 indv/task11-indv/robot_design/src/install/robot/share/robot/hook/cmake_prefix_path.dsv'
[1.441s] INFO:colcon.colcon_core.shell:Creating environment hook '/home/vboxuser/Desktop/task11 indv/task11-indv/robot_design/src/install/robot/share/robot/hook/cmake_prefix_path.sh'
[1.444s] Level 1:colcon.colcon_core.environment:checking '/home/vboxuser/Desktop/task11 indv/task11-indv/robot_design/src/install/robot/bin'
[1.444s] Level 1:colcon.colcon_core.environment:checking '/home/vboxuser/Desktop/task11 indv/task11-indv/robot_design/src/install/robot/lib/pkgconfig/robot.pc'
[1.445s] Level 1:colcon.colcon_core.environment:checking '/home/vboxuser/Desktop/task11 indv/task11-indv/robot_design/src/install/robot/lib/python3.12/site-packages'
[1.445s] Level 1:colcon.colcon_core.environment:checking '/home/vboxuser/Desktop/task11 indv/task11-indv/robot_design/src/install/robot/bin'
[1.446s] INFO:colcon.colcon_core.shell:Creating package script '/home/vboxuser/Desktop/task11 indv/task11-indv/robot_design/src/install/robot/share/robot/package.ps1'
[1.449s] INFO:colcon.colcon_core.shell:Creating package descriptor '/home/vboxuser/Desktop/task11 indv/task11-indv/robot_design/src/install/robot/share/robot/package.dsv'
[1.450s] INFO:colcon.colcon_core.shell:Creating package script '/home/vboxuser/Desktop/task11 indv/task11-indv/robot_design/src/install/robot/share/robot/package.sh'
[1.454s] INFO:colcon.colcon_core.shell:Creating package script '/home/vboxuser/Desktop/task11 indv/task11-indv/robot_design/src/install/robot/share/robot/package.bash'
[1.461s] INFO:colcon.colcon_core.shell:Creating package script '/home/vboxuser/Desktop/task11 indv/task11-indv/robot_design/src/install/robot/share/robot/package.zsh'
[1.463s] Level 1:colcon.colcon_core.environment:create_file_with_runtime_dependencies(/home/vboxuser/Desktop/task11 indv/task11-indv/robot_design/src/install/robot/share/colcon-core/packages/robot)
[1.464s] Level 1:colcon.colcon_core.environment:create_environment_scripts_only(robot)
[1.465s] Level 1:colcon.colcon_core.environment:checking '/home/vboxuser/Desktop/task11 indv/task11-indv/robot_design/src/install/robot' for CMake module files
[1.466s] Level 1:colcon.colcon_core.environment:checking '/home/vboxuser/Desktop/task11 indv/task11-indv/robot_design/src/install/robot' for CMake config files
[1.466s] Level 1:colcon.colcon_core.shell:create_environment_hook('robot', 'cmake_prefix_path')
[1.467s] INFO:colcon.colcon_core.shell:Creating environment hook '/home/vboxuser/Desktop/task11 indv/task11-indv/robot_design/src/install/robot/share/robot/hook/cmake_prefix_path.ps1'
[1.468s] INFO:colcon.colcon_core.shell:Creating environment descriptor '/home/vboxuser/Desktop/task11 indv/task11-indv/robot_design/src/install/robot/share/robot/hook/cmake_prefix_path.dsv'
[1.469s] INFO:colcon.colcon_core.shell:Creating environment hook '/home/vboxuser/Desktop/task11 indv/task11-indv/robot_design/src/install/robot/share/robot/hook/cmake_prefix_path.sh'
[1.472s] Level 1:colcon.colcon_core.environment:checking '/home/vboxuser/Desktop/task11 indv/task11-indv/robot_design/src/install/robot/bin'
[1.472s] Level 1:colcon.colcon_core.environment:checking '/home/vboxuser/Desktop/task11 indv/task11-indv/robot_design/src/install/robot/lib/pkgconfig/robot.pc'
[1.473s] Level 1:colcon.colcon_core.environment:checking '/home/vboxuser/Desktop/task11 indv/task11-indv/robot_design/src/install/robot/lib/python3.12/site-packages'
[1.474s] Level 1:colcon.colcon_core.environment:checking '/home/vboxuser/Desktop/task11 indv/task11-indv/robot_design/src/install/robot/bin'
[1.474s] INFO:colcon.colcon_core.shell:Creating package script '/home/vboxuser/Desktop/task11 indv/task11-indv/robot_design/src/install/robot/share/robot/package.ps1'
[1.476s] INFO:colcon.colcon_core.shell:Creating package descriptor '/home/vboxuser/Desktop/task11 indv/task11-indv/robot_design/src/install/robot/share/robot/package.dsv'
[1.476s] INFO:colcon.colcon_core.shell:Creating package script '/home/vboxuser/Desktop/task11 indv/task11-indv/robot_design/src/install/robot/share/robot/package.sh'
[1.478s] INFO:colcon.colcon_core.shell:Creating package script '/home/vboxuser/Desktop/task11 indv/task11-indv/robot_design/src/install/robot/share/robot/package.bash'
[1.478s] INFO:colcon.colcon_core.shell:Creating package script '/home/vboxuser/Desktop/task11 indv/task11-indv/robot_design/src/install/robot/share/robot/package.zsh'
[1.479s] Level 1:colcon.colcon_core.environment:create_file_with_runtime_dependencies(/home/vboxuser/Desktop/task11 indv/task11-indv/robot_design/src/install/robot/share/colcon-core/packages/robot)
[1.480s] DEBUG:colcon.colcon_parallel_executor.executor.parallel:closing loop
[1.480s] DEBUG:colcon.colcon_parallel_executor.executor.parallel:loop closed
[1.481s] DEBUG:colcon.colcon_parallel_executor.executor.parallel:run_until_complete finished with '0'
[1.481s] DEBUG:colcon.colcon_core.event_reactor:joining thread
[1.519s] INFO:colcon.colcon_core.plugin_system:Skipping extension 'colcon_notification.desktop_notification.terminal_notifier': Not used on non-Darwin systems
[1.519s] INFO:colcon.colcon_core.plugin_system:Skipping extension 'colcon_notification.desktop_notification.win32': Not used on non-Windows systems
[1.519s] INFO:colcon.colcon_notification.desktop_notification:Sending desktop notification using 'notify2'
[1.570s] DEBUG:colcon.colcon_core.event_reactor:joined thread
[1.570s] INFO:colcon.colcon_core.shell:Creating prefix script '/home/vboxuser/Desktop/task11 indv/task11-indv/robot_design/src/install/local_setup.ps1'
[1.572s] INFO:colcon.colcon_core.shell:Creating prefix util module '/home/vboxuser/Desktop/task11 indv/task11-indv/robot_design/src/install/_local_setup_util_ps1.py'
[1.575s] INFO:colcon.colcon_core.shell:Creating prefix chain script '/home/vboxuser/Desktop/task11 indv/task11-indv/robot_design/src/install/setup.ps1'
[1.578s] INFO:colcon.colcon_core.shell:Creating prefix script '/home/vboxuser/Desktop/task11 indv/task11-indv/robot_design/src/install/local_setup.sh'
[1.581s] INFO:colcon.colcon_core.shell:Creating prefix util module '/home/vboxuser/Desktop/task11 indv/task11-indv/robot_design/src/install/_local_setup_util_sh.py'
[1.582s] INFO:colcon.colcon_core.shell:Creating prefix chain script '/home/vboxuser/Desktop/task11 indv/task11-indv/robot_design/src/install/setup.sh'
[1.585s] INFO:colcon.colcon_core.shell:Creating prefix script '/home/vboxuser/Desktop/task11 indv/task11-indv/robot_design/src/install/local_setup.bash'
[1.587s] INFO:colcon.colcon_core.shell:Creating prefix chain script '/home/vboxuser/Desktop/task11 indv/task11-indv/robot_design/src/install/setup.bash'
[1.591s] INFO:colcon.colcon_core.shell:Creating prefix script '/home/vboxuser/Desktop/task11 indv/task11-indv/robot_design/src/install/local_setup.zsh'
[1.594s] INFO:colcon.colcon_core.shell:Creating prefix chain script '/home/vboxuser/Desktop/task11 indv/task11-indv/robot_design/src/install/setup.zsh'
