[0.022s] Invoking command in '/home/vboxuser/Desktop/task11 indv/task11-indv/robot_design/src/robot/build/robot': CMAKE_PREFIX_PATH=${CMAKE_PREFIX_PATH}:/home/vboxuser/training_ws/install/maze_control:/home/vboxuser/ros2_ws/install/task7_controller:/opt/ros/jazzy DEBUGINFOD_URLS=https://debuginfod.ubuntu.com /usr/bin/cmake /home/vboxuser/Desktop/task11 indv/task11-indv/robot_design/src/robot -DCMAKE_INSTALL_PREFIX=/home/vboxuser/Desktop/task11 indv/task11-indv/robot_design/src/robot/install/robot
[0.200s] -- The C compiler identification is GNU 13.3.0
[0.342s] -- The CXX compiler identification is GNU 13.3.0
[0.365s] -- Detecting C compiler ABI info
[0.479s] -- Detecting C compiler ABI info - done
[0.495s] -- Check for working C compiler: /usr/bin/cc - skipped
[0.496s] -- Detecting C compile features
[0.497s] -- Detecting C compile features - done
[0.510s] -- Detecting CXX compiler ABI info
[0.639s] -- Detecting CXX compiler ABI info - done
[0.655s] -- Check for working CXX compiler: /usr/bin/c++ - skipped
[0.655s] -- Detecting CXX compile features
[0.656s] -- Detecting CXX compile features - done
[0.685s] -- Found ament_cmake: 2.5.6 (/opt/ros/jazzy/share/ament_cmake/cmake)
[0.909s] -- Found Python3: /usr/bin/python3 (found version "3.12.3") found components: Interpreter 
[1.082s] -- Found ament_lint_auto: 0.17.5 (/opt/ros/jazzy/share/ament_lint_auto/cmake)
[1.253s] -- Added test 'cppcheck' to perform static code analysis on C / C++ code
[1.254s] -- Configured cppcheck include dirs: 
[1.254s] -- Configured cppcheck exclude dirs and/or files: 
[1.255s] -- Added test 'flake8' to check Python code syntax and style conventions
[1.255s] -- Configured 'flake8' exclude dirs and/or files: 
[1.257s] -- Added test 'lint_cmake' to check CMake code style
[1.259s] -- Added test 'pep257' to check Python code against some of the docstring style conventions in PEP 257
[1.264s] -- Added test 'uncrustify' to check C / C++ code style
[1.264s] -- Configured uncrustify additional arguments: 
[1.267s] -- Added test 'xmllint' to check XML markup files
[1.270s] -- Configuring done (1.2s)
[1.274s] -- Generating done (0.0s)
[1.278s] -- Build files have been written to: /home/vboxuser/Desktop/task11 indv/task11-indv/robot_design/src/robot/build/robot
[1.285s] Invoked command in '/home/vboxuser/Desktop/task11 indv/task11-indv/robot_design/src/robot/build/robot' returned '0': CMAKE_PREFIX_PATH=${CMAKE_PREFIX_PATH}:/home/vboxuser/training_ws/install/maze_control:/home/vboxuser/ros2_ws/install/task7_controller:/opt/ros/jazzy DEBUGINFOD_URLS=https://debuginfod.ubuntu.com /usr/bin/cmake /home/vboxuser/Desktop/task11 indv/task11-indv/robot_design/src/robot -DCMAKE_INSTALL_PREFIX=/home/vboxuser/Desktop/task11 indv/task11-indv/robot_design/src/robot/install/robot
[1.287s] Invoking command in '/home/vboxuser/Desktop/task11 indv/task11-indv/robot_design/src/robot/build/robot': CMAKE_PREFIX_PATH=${CMAKE_PREFIX_PATH}:/home/vboxuser/training_ws/install/maze_control:/home/vboxuser/ros2_ws/install/task7_controller:/opt/ros/jazzy DEBUGINFOD_URLS=https://debuginfod.ubuntu.com /usr/bin/cmake --build /home/vboxuser/Desktop/task11 indv/task11-indv/robot_design/src/robot/build/robot -- -j3 -l3
[1.342s] Invoked command in '/home/vboxuser/Desktop/task11 indv/task11-indv/robot_design/src/robot/build/robot' returned '0': CMAKE_PREFIX_PATH=${CMAKE_PREFIX_PATH}:/home/vboxuser/training_ws/install/maze_control:/home/vboxuser/ros2_ws/install/task7_controller:/opt/ros/jazzy DEBUGINFOD_URLS=https://debuginfod.ubuntu.com /usr/bin/cmake --build /home/vboxuser/Desktop/task11 indv/task11-indv/robot_design/src/robot/build/robot -- -j3 -l3
[1.354s] Invoking command in '/home/vboxuser/Desktop/task11 indv/task11-indv/robot_design/src/robot/build/robot': CMAKE_PREFIX_PATH=${CMAKE_PREFIX_PATH}:/home/vboxuser/training_ws/install/maze_control:/home/vboxuser/ros2_ws/install/task7_controller:/opt/ros/jazzy DEBUGINFOD_URLS=https://debuginfod.ubuntu.com /usr/bin/cmake --install /home/vboxuser/Desktop/task11 indv/task11-indv/robot_design/src/robot/build/robot
[1.363s] -- Install configuration: ""
[1.364s] -- Installing: /home/vboxuser/Desktop/task11 indv/task11-indv/robot_design/src/robot/install/robot/share/robot/launch
[1.364s] -- Installing: /home/vboxuser/Desktop/task11 indv/task11-indv/robot_design/src/robot/install/robot/share/robot/launch/robot.launch.py
[1.364s] -- Installing: /home/vboxuser/Desktop/task11 indv/task11-indv/robot_design/src/robot/install/robot/share/robot/launch/.sim.launch.py
[1.364s] -- Installing: /home/vboxuser/Desktop/task11 indv/task11-indv/robot_design/src/robot/install/robot/share/robot/urdf
[1.364s] -- Installing: /home/vboxuser/Desktop/task11 indv/task11-indv/robot_design/src/robot/install/robot/share/robot/urdf/robot.xacro
[1.364s] -- Installing: /home/vboxuser/Desktop/task11 indv/task11-indv/robot_design/src/robot/install/robot/share/ament_index/resource_index/package_run_dependencies/robot
[1.365s] -- Installing: /home/vboxuser/Desktop/task11 indv/task11-indv/robot_design/src/robot/install/robot/share/ament_index/resource_index/parent_prefix_path/robot
[1.365s] -- Installing: /home/vboxuser/Desktop/task11 indv/task11-indv/robot_design/src/robot/install/robot/share/robot/environment/ament_prefix_path.sh
[1.365s] -- Installing: /home/vboxuser/Desktop/task11 indv/task11-indv/robot_design/src/robot/install/robot/share/robot/environment/ament_prefix_path.dsv
[1.365s] -- Installing: /home/vboxuser/Desktop/task11 indv/task11-indv/robot_design/src/robot/install/robot/share/robot/environment/path.sh
[1.365s] -- Installing: /home/vboxuser/Desktop/task11 indv/task11-indv/robot_design/src/robot/install/robot/share/robot/environment/path.dsv
[1.365s] -- Installing: /home/vboxuser/Desktop/task11 indv/task11-indv/robot_design/src/robot/install/robot/share/robot/local_setup.bash
[1.365s] -- Installing: /home/vboxuser/Desktop/task11 indv/task11-indv/robot_design/src/robot/install/robot/share/robot/local_setup.sh
[1.366s] -- Installing: /home/vboxuser/Desktop/task11 indv/task11-indv/robot_design/src/robot/install/robot/share/robot/local_setup.zsh
[1.366s] -- Installing: /home/vboxuser/Desktop/task11 indv/task11-indv/robot_design/src/robot/install/robot/share/robot/local_setup.dsv
[1.366s] -- Installing: /home/vboxuser/Desktop/task11 indv/task11-indv/robot_design/src/robot/install/robot/share/robot/package.dsv
[1.366s] -- Installing: /home/vboxuser/Desktop/task11 indv/task11-indv/robot_design/src/robot/install/robot/share/ament_index/resource_index/packages/robot
[1.366s] -- Installing: /home/vboxuser/Desktop/task11 indv/task11-indv/robot_design/src/robot/install/robot/share/robot/cmake/robotConfig.cmake
[1.366s] -- Installing: /home/vboxuser/Desktop/task11 indv/task11-indv/robot_design/src/robot/install/robot/share/robot/cmake/robotConfig-version.cmake
[1.366s] -- Installing: /home/vboxuser/Desktop/task11 indv/task11-indv/robot_design/src/robot/install/robot/share/robot/package.xml
[1.369s] Invoked command in '/home/vboxuser/Desktop/task11 indv/task11-indv/robot_design/src/robot/build/robot' returned '0': CMAKE_PREFIX_PATH=${CMAKE_PREFIX_PATH}:/home/vboxuser/training_ws/install/maze_control:/home/vboxuser/ros2_ws/install/task7_controller:/opt/ros/jazzy DEBUGINFOD_URLS=https://debuginfod.ubuntu.com /usr/bin/cmake --install /home/vboxuser/Desktop/task11 indv/task11-indv/robot_design/src/robot/build/robot
